Classic Timing Analyzer report for multiplexador
Thu Jun 07 09:34:20 2018
Quartus II Version 9.0 Build 235 06/17/2009 Service Pack 2 SJ Web Edition


---------------------
; Table of Contents ;
---------------------
  1. Legal Notice
  2. Timing Analyzer Summary
  3. Timing Analyzer Settings
  4. Clock Settings Summary
  5. Parallel Compilation
  6. Clock Setup: 'GCLK'
  7. tsu
  8. tco
  9. tpd
 10. th
 11. Timing Analyzer Messages



----------------
; Legal Notice ;
----------------
Copyright (C) 1991-2009 Altera Corporation
Your use of Altera Corporation's design tools, logic functions 
and other software and tools, and its AMPP partner logic 
functions, and any output files from any of the foregoing 
(including device programming or simulation files), and any 
associated documentation or information are expressly subject 
to the terms and conditions of the Altera Program License 
Subscription Agreement, Altera MegaCore Function License 
Agreement, or other applicable license agreement, including, 
without limitation, that your use is for the sole purpose of 
programming logic devices manufactured by Altera and sold by 
Altera or its authorized distributors.  Please refer to the 
applicable agreement for further details.



+-------------------------------------------------------------------------------------------------------------------------------------------------------------------------------------------------------------------------------------------------------+
; Timing Analyzer Summary                                                                                                                                                                                                                               ;
+------------------------------+-------+---------------+----------------------------------+-------------------------------------------------------------------------------------+--------------------------------+------------+----------+--------------+
; Type                         ; Slack ; Required Time ; Actual Time                      ; From                                                                                ; To                             ; From Clock ; To Clock ; Failed Paths ;
+------------------------------+-------+---------------+----------------------------------+-------------------------------------------------------------------------------------+--------------------------------+------------+----------+--------------+
; Worst-case tsu               ; N/A   ; None          ; 7.900 ns                         ; FLEX_PB1                                                                            ; debounce:inst6|flipflops[0]    ; --         ; GCLK     ; 0            ;
; Worst-case tco               ; N/A   ; None          ; 51.600 ns                        ; counter:inst5|lpm_counter:lpm_counter_component|alt_counter_f10ke:wysi_counter|q[4] ; FLEX_DIGIT2_DP                 ; GCLK       ; --       ; 0            ;
; Worst-case tpd               ; N/A   ; None          ; 25.900 ns                        ; FLEX_SW[1]                                                                          ; FLEX_DIGIT2_DP                 ; --         ; --       ; 0            ;
; Worst-case th                ; N/A   ; None          ; -3.800 ns                        ; FLEX_PB1                                                                            ; debounce:inst6|flipflops[0]    ; --         ; GCLK     ; 0            ;
; Clock Setup: 'GCLK'          ; N/A   ; None          ; 53.19 MHz ( period = 18.800 ns ) ; debounce:inst6|counter_out[1]                                                       ; debounce:inst6|counter_out[19] ; GCLK       ; GCLK     ; 0            ;
; Total number of failed paths ;       ;               ;                                  ;                                                                                     ;                                ;            ;          ; 0            ;
+------------------------------+-------+---------------+----------------------------------+-------------------------------------------------------------------------------------+--------------------------------+------------+----------+--------------+


+--------------------------------------------------------------------------------------------------------------------+
; Timing Analyzer Settings                                                                                           ;
+---------------------------------------------------------------------+--------------------+------+----+-------------+
; Option                                                              ; Setting            ; From ; To ; Entity Name ;
+---------------------------------------------------------------------+--------------------+------+----+-------------+
; Device Name                                                         ; EPF10K20RC240-4    ;      ;    ;             ;
; Timing Models                                                       ; Final              ;      ;    ;             ;
; Default hold multicycle                                             ; Same as Multicycle ;      ;    ;             ;
; Cut paths between unrelated clock domains                           ; On                 ;      ;    ;             ;
; Cut off read during write signal paths                              ; On                 ;      ;    ;             ;
; Cut off feedback from I/O pins                                      ; On                 ;      ;    ;             ;
; Report Combined Fast/Slow Timing                                    ; Off                ;      ;    ;             ;
; Ignore Clock Settings                                               ; Off                ;      ;    ;             ;
; Analyze latches as synchronous elements                             ; On                 ;      ;    ;             ;
; Enable Recovery/Removal analysis                                    ; Off                ;      ;    ;             ;
; Enable Clock Latency                                                ; Off                ;      ;    ;             ;
; Use TimeQuest Timing Analyzer                                       ; Off                ;      ;    ;             ;
; Minimum Core Junction Temperature                                   ; 0                  ;      ;    ;             ;
; Maximum Core Junction Temperature                                   ; 85                 ;      ;    ;             ;
; Number of source nodes to report per destination node               ; 10                 ;      ;    ;             ;
; Number of destination nodes to report                               ; 10                 ;      ;    ;             ;
; Number of paths to report                                           ; 200                ;      ;    ;             ;
; Report Minimum Timing Checks                                        ; Off                ;      ;    ;             ;
; Use Fast Timing Models                                              ; Off                ;      ;    ;             ;
; Report IO Paths Separately                                          ; Off                ;      ;    ;             ;
; Perform Multicorner Analysis                                        ; Off                ;      ;    ;             ;
; Reports the worst-case path for each clock domain and analysis      ; Off                ;      ;    ;             ;
; Removes common clock path pessimism (CCPP) during slack computation ; Off                ;      ;    ;             ;
; Output I/O Timing Endpoint                                          ; Near End           ;      ;    ;             ;
+---------------------------------------------------------------------+--------------------+------+----+-------------+


+------------------------------------------------------------------------------------------------------------------------------------------------------------------------------------+
; Clock Settings Summary                                                                                                                                                             ;
+-----------------+--------------------+----------+------------------+---------------+--------------+----------+-----------------------+---------------------+--------+--------------+
; Clock Node Name ; Clock Setting Name ; Type     ; Fmax Requirement ; Early Latency ; Late Latency ; Based on ; Multiply Base Fmax by ; Divide Base Fmax by ; Offset ; Phase offset ;
+-----------------+--------------------+----------+------------------+---------------+--------------+----------+-----------------------+---------------------+--------+--------------+
; GCLK            ;                    ; User Pin ; None             ; 0.000 ns      ; 0.000 ns     ; --       ; N/A                   ; N/A                 ; N/A    ;              ;
+-----------------+--------------------+----------+------------------+---------------+--------------+----------+-----------------------+---------------------+--------+--------------+


Parallel compilation was disabled, but you have multiple processors available. Enable parallel compilation to reduce compilation time.
+-------------------------------------+
; Parallel Compilation                ;
+----------------------------+--------+
; Processors                 ; Number ;
+----------------------------+--------+
; Number detected on machine ; 2      ;
; Maximum allowed            ; 1      ;
+----------------------------+--------+


+-----------------------------------------------------------------------------------------------------------------------------------------------------------------------------------------------------------------------------------------------------------------------------+
; Clock Setup: 'GCLK'                                                                                                                                                                                                                                                         ;
+-----------------------------------------+-----------------------------------------------------+--------------------------------+--------------------------------+------------+----------+-----------------------------+---------------------------+-------------------------+
; Slack                                   ; Actual fmax (period)                                ; From                           ; To                             ; From Clock ; To Clock ; Required Setup Relationship ; Required Longest P2P Time ; Actual Longest P2P Time ;
+-----------------------------------------+-----------------------------------------------------+--------------------------------+--------------------------------+------------+----------+-----------------------------+---------------------------+-------------------------+
; N/A                                     ; 53.19 MHz ( period = 18.800 ns )                    ; debounce:inst6|counter_out[1]  ; debounce:inst6|counter_out[19] ; GCLK       ; GCLK     ; None                        ; None                      ; 15.200 ns               ;
; N/A                                     ; 53.76 MHz ( period = 18.600 ns )                    ; debounce:inst6|counter_out[1]  ; debounce:inst6|counter_out[18] ; GCLK       ; GCLK     ; None                        ; None                      ; 15.000 ns               ;
; N/A                                     ; 54.05 MHz ( period = 18.500 ns )                    ; debounce:inst6|counter_out[2]  ; debounce:inst6|counter_out[19] ; GCLK       ; GCLK     ; None                        ; None                      ; 14.900 ns               ;
; N/A                                     ; 54.64 MHz ( period = 18.300 ns )                    ; debounce:inst6|counter_out[2]  ; debounce:inst6|counter_out[18] ; GCLK       ; GCLK     ; None                        ; None                      ; 14.700 ns               ;
; N/A                                     ; 56.50 MHz ( period = 17.700 ns )                    ; debounce:inst6|counter_out[1]  ; debounce:inst6|counter_out[15] ; GCLK       ; GCLK     ; None                        ; None                      ; 14.100 ns               ;
; N/A                                     ; 56.82 MHz ( period = 17.600 ns )                    ; debounce:inst6|counter_out[5]  ; debounce:inst6|counter_out[19] ; GCLK       ; GCLK     ; None                        ; None                      ; 14.000 ns               ;
; N/A                                     ; 57.47 MHz ( period = 17.400 ns )                    ; debounce:inst6|counter_out[5]  ; debounce:inst6|counter_out[18] ; GCLK       ; GCLK     ; None                        ; None                      ; 13.800 ns               ;
; N/A                                     ; 57.47 MHz ( period = 17.400 ns )                    ; debounce:inst6|counter_out[2]  ; debounce:inst6|counter_out[15] ; GCLK       ; GCLK     ; None                        ; None                      ; 13.800 ns               ;
; N/A                                     ; 57.47 MHz ( period = 17.400 ns )                    ; debounce:inst6|counter_out[1]  ; debounce:inst6|counter_out[14] ; GCLK       ; GCLK     ; None                        ; None                      ; 13.800 ns               ;
; N/A                                     ; 58.48 MHz ( period = 17.100 ns )                    ; debounce:inst6|counter_out[2]  ; debounce:inst6|counter_out[14] ; GCLK       ; GCLK     ; None                        ; None                      ; 13.500 ns               ;
; N/A                                     ; 59.17 MHz ( period = 16.900 ns )                    ; debounce:inst6|counter_out[0]  ; debounce:inst6|counter_out[19] ; GCLK       ; GCLK     ; None                        ; None                      ; 13.300 ns               ;
; N/A                                     ; 59.88 MHz ( period = 16.700 ns )                    ; debounce:inst6|counter_out[0]  ; debounce:inst6|counter_out[18] ; GCLK       ; GCLK     ; None                        ; None                      ; 13.100 ns               ;
; N/A                                     ; 59.88 MHz ( period = 16.700 ns )                    ; debounce:inst6|counter_out[1]  ; debounce:inst6|counter_out[17] ; GCLK       ; GCLK     ; None                        ; None                      ; 13.100 ns               ;
; N/A                                     ; 60.24 MHz ( period = 16.600 ns )                    ; debounce:inst6|counter_out[3]  ; debounce:inst6|counter_out[19] ; GCLK       ; GCLK     ; None                        ; None                      ; 13.000 ns               ;
; N/A                                     ; 60.61 MHz ( period = 16.500 ns )                    ; debounce:inst6|counter_out[6]  ; debounce:inst6|counter_out[19] ; GCLK       ; GCLK     ; None                        ; None                      ; 12.900 ns               ;
; N/A                                     ; 60.61 MHz ( period = 16.500 ns )                    ; debounce:inst6|counter_out[5]  ; debounce:inst6|counter_out[15] ; GCLK       ; GCLK     ; None                        ; None                      ; 12.900 ns               ;
; N/A                                     ; 60.98 MHz ( period = 16.400 ns )                    ; debounce:inst6|counter_out[3]  ; debounce:inst6|counter_out[18] ; GCLK       ; GCLK     ; None                        ; None                      ; 12.800 ns               ;
; N/A                                     ; 60.98 MHz ( period = 16.400 ns )                    ; debounce:inst6|counter_out[2]  ; debounce:inst6|counter_out[17] ; GCLK       ; GCLK     ; None                        ; None                      ; 12.800 ns               ;
; N/A                                     ; 60.98 MHz ( period = 16.400 ns )                    ; debounce:inst6|counter_out[1]  ; debounce:inst6|counter_out[16] ; GCLK       ; GCLK     ; None                        ; None                      ; 12.800 ns               ;
; N/A                                     ; 61.35 MHz ( period = 16.300 ns )                    ; debounce:inst6|counter_out[4]  ; debounce:inst6|counter_out[19] ; GCLK       ; GCLK     ; None                        ; None                      ; 12.700 ns               ;
; N/A                                     ; 61.35 MHz ( period = 16.300 ns )                    ; debounce:inst6|counter_out[6]  ; debounce:inst6|counter_out[18] ; GCLK       ; GCLK     ; None                        ; None                      ; 12.700 ns               ;
; N/A                                     ; 61.35 MHz ( period = 16.300 ns )                    ; debounce:inst6|counter_out[1]  ; debounce:inst6|counter_out[13] ; GCLK       ; GCLK     ; None                        ; None                      ; 12.700 ns               ;
; N/A                                     ; 61.73 MHz ( period = 16.200 ns )                    ; debounce:inst6|counter_out[7]  ; debounce:inst6|counter_out[19] ; GCLK       ; GCLK     ; None                        ; None                      ; 12.600 ns               ;
; N/A                                     ; 61.73 MHz ( period = 16.200 ns )                    ; debounce:inst6|counter_out[5]  ; debounce:inst6|counter_out[14] ; GCLK       ; GCLK     ; None                        ; None                      ; 12.600 ns               ;
; N/A                                     ; 62.11 MHz ( period = 16.100 ns )                    ; debounce:inst6|counter_out[4]  ; debounce:inst6|counter_out[18] ; GCLK       ; GCLK     ; None                        ; None                      ; 12.500 ns               ;
; N/A                                     ; 62.11 MHz ( period = 16.100 ns )                    ; debounce:inst6|counter_out[2]  ; debounce:inst6|counter_out[16] ; GCLK       ; GCLK     ; None                        ; None                      ; 12.500 ns               ;
; N/A                                     ; 62.50 MHz ( period = 16.000 ns )                    ; debounce:inst6|counter_out[7]  ; debounce:inst6|counter_out[18] ; GCLK       ; GCLK     ; None                        ; None                      ; 12.400 ns               ;
; N/A                                     ; 62.50 MHz ( period = 16.000 ns )                    ; debounce:inst6|counter_out[2]  ; debounce:inst6|counter_out[13] ; GCLK       ; GCLK     ; None                        ; None                      ; 12.400 ns               ;
; N/A                                     ; 62.50 MHz ( period = 16.000 ns )                    ; debounce:inst6|counter_out[1]  ; debounce:inst6|counter_out[12] ; GCLK       ; GCLK     ; None                        ; None                      ; 12.400 ns               ;
; N/A                                     ; 62.89 MHz ( period = 15.900 ns )                    ; debounce:inst6|counter_out[8]  ; debounce:inst6|counter_out[19] ; GCLK       ; GCLK     ; None                        ; None                      ; 12.300 ns               ;
; N/A                                     ; 63.29 MHz ( period = 15.800 ns )                    ; debounce:inst6|counter_out[0]  ; debounce:inst6|counter_out[15] ; GCLK       ; GCLK     ; None                        ; None                      ; 12.200 ns               ;
; N/A                                     ; 63.69 MHz ( period = 15.700 ns )                    ; debounce:inst6|counter_out[8]  ; debounce:inst6|counter_out[18] ; GCLK       ; GCLK     ; None                        ; None                      ; 12.100 ns               ;
; N/A                                     ; 63.69 MHz ( period = 15.700 ns )                    ; debounce:inst6|counter_out[2]  ; debounce:inst6|counter_out[12] ; GCLK       ; GCLK     ; None                        ; None                      ; 12.100 ns               ;
; N/A                                     ; 63.69 MHz ( period = 15.700 ns )                    ; debounce:inst6|counter_out[1]  ; debounce:inst6|counter_out[11] ; GCLK       ; GCLK     ; None                        ; None                      ; 12.100 ns               ;
; N/A                                     ; 64.10 MHz ( period = 15.600 ns )                    ; debounce:inst6|counter_out[9]  ; debounce:inst6|counter_out[19] ; GCLK       ; GCLK     ; None                        ; None                      ; 12.000 ns               ;
; N/A                                     ; 64.52 MHz ( period = 15.500 ns )                    ; debounce:inst6|counter_out[5]  ; debounce:inst6|counter_out[17] ; GCLK       ; GCLK     ; None                        ; None                      ; 11.900 ns               ;
; N/A                                     ; 64.52 MHz ( period = 15.500 ns )                    ; debounce:inst6|counter_out[3]  ; debounce:inst6|counter_out[15] ; GCLK       ; GCLK     ; None                        ; None                      ; 11.900 ns               ;
; N/A                                     ; 64.52 MHz ( period = 15.500 ns )                    ; debounce:inst6|counter_out[0]  ; debounce:inst6|counter_out[14] ; GCLK       ; GCLK     ; None                        ; None                      ; 11.900 ns               ;
; N/A                                     ; 64.94 MHz ( period = 15.400 ns )                    ; debounce:inst6|counter_out[9]  ; debounce:inst6|counter_out[18] ; GCLK       ; GCLK     ; None                        ; None                      ; 11.800 ns               ;
; N/A                                     ; 64.94 MHz ( period = 15.400 ns )                    ; debounce:inst6|counter_out[6]  ; debounce:inst6|counter_out[15] ; GCLK       ; GCLK     ; None                        ; None                      ; 11.800 ns               ;
; N/A                                     ; 64.94 MHz ( period = 15.400 ns )                    ; debounce:inst6|counter_out[2]  ; debounce:inst6|counter_out[11] ; GCLK       ; GCLK     ; None                        ; None                      ; 11.800 ns               ;
; N/A                                     ; 64.94 MHz ( period = 15.400 ns )                    ; debounce:inst6|counter_out[1]  ; debounce:inst6|counter_out[10] ; GCLK       ; GCLK     ; None                        ; None                      ; 11.800 ns               ;
; N/A                                     ; 65.36 MHz ( period = 15.300 ns )                    ; debounce:inst6|counter_out[10] ; debounce:inst6|counter_out[19] ; GCLK       ; GCLK     ; None                        ; None                      ; 11.700 ns               ;
; N/A                                     ; 65.79 MHz ( period = 15.200 ns )                    ; debounce:inst6|counter_out[5]  ; debounce:inst6|counter_out[16] ; GCLK       ; GCLK     ; None                        ; None                      ; 11.600 ns               ;
; N/A                                     ; 65.79 MHz ( period = 15.200 ns )                    ; debounce:inst6|counter_out[4]  ; debounce:inst6|counter_out[15] ; GCLK       ; GCLK     ; None                        ; None                      ; 11.600 ns               ;
; N/A                                     ; 65.79 MHz ( period = 15.200 ns )                    ; debounce:inst6|counter_out[3]  ; debounce:inst6|counter_out[14] ; GCLK       ; GCLK     ; None                        ; None                      ; 11.600 ns               ;
; N/A                                     ; 66.23 MHz ( period = 15.100 ns )                    ; debounce:inst6|counter_out[10] ; debounce:inst6|counter_out[18] ; GCLK       ; GCLK     ; None                        ; None                      ; 11.500 ns               ;
; N/A                                     ; 66.23 MHz ( period = 15.100 ns )                    ; debounce:inst6|counter_out[7]  ; debounce:inst6|counter_out[15] ; GCLK       ; GCLK     ; None                        ; None                      ; 11.500 ns               ;
; N/A                                     ; 66.23 MHz ( period = 15.100 ns )                    ; debounce:inst6|counter_out[6]  ; debounce:inst6|counter_out[14] ; GCLK       ; GCLK     ; None                        ; None                      ; 11.500 ns               ;
; N/A                                     ; 66.23 MHz ( period = 15.100 ns )                    ; debounce:inst6|counter_out[5]  ; debounce:inst6|counter_out[13] ; GCLK       ; GCLK     ; None                        ; None                      ; 11.500 ns               ;
; N/A                                     ; 66.23 MHz ( period = 15.100 ns )                    ; debounce:inst6|counter_out[2]  ; debounce:inst6|counter_out[10] ; GCLK       ; GCLK     ; None                        ; None                      ; 11.500 ns               ;
; N/A                                     ; 66.23 MHz ( period = 15.100 ns )                    ; debounce:inst6|counter_out[1]  ; debounce:inst6|counter_out[9]  ; GCLK       ; GCLK     ; None                        ; None                      ; 11.500 ns               ;
; N/A                                     ; 66.67 MHz ( period = 15.000 ns )                    ; debounce:inst6|counter_out[11] ; debounce:inst6|counter_out[19] ; GCLK       ; GCLK     ; None                        ; None                      ; 11.400 ns               ;
; N/A                                     ; 67.11 MHz ( period = 14.900 ns )                    ; debounce:inst6|counter_out[4]  ; debounce:inst6|counter_out[14] ; GCLK       ; GCLK     ; None                        ; None                      ; 11.300 ns               ;
; N/A                                     ; 67.57 MHz ( period = 14.800 ns )                    ; debounce:inst6|counter_out[11] ; debounce:inst6|counter_out[18] ; GCLK       ; GCLK     ; None                        ; None                      ; 11.200 ns               ;
; N/A                                     ; 67.57 MHz ( period = 14.800 ns )                    ; debounce:inst6|counter_out[0]  ; debounce:inst6|counter_out[17] ; GCLK       ; GCLK     ; None                        ; None                      ; 11.200 ns               ;
; N/A                                     ; 67.57 MHz ( period = 14.800 ns )                    ; debounce:inst6|counter_out[8]  ; debounce:inst6|counter_out[15] ; GCLK       ; GCLK     ; None                        ; None                      ; 11.200 ns               ;
; N/A                                     ; 67.57 MHz ( period = 14.800 ns )                    ; debounce:inst6|counter_out[7]  ; debounce:inst6|counter_out[14] ; GCLK       ; GCLK     ; None                        ; None                      ; 11.200 ns               ;
; N/A                                     ; 67.57 MHz ( period = 14.800 ns )                    ; debounce:inst6|counter_out[5]  ; debounce:inst6|counter_out[12] ; GCLK       ; GCLK     ; None                        ; None                      ; 11.200 ns               ;
; N/A                                     ; 67.57 MHz ( period = 14.800 ns )                    ; debounce:inst6|counter_out[2]  ; debounce:inst6|counter_out[9]  ; GCLK       ; GCLK     ; None                        ; None                      ; 11.200 ns               ;
; N/A                                     ; 67.57 MHz ( period = 14.800 ns )                    ; debounce:inst6|counter_out[1]  ; debounce:inst6|counter_out[8]  ; GCLK       ; GCLK     ; None                        ; None                      ; 11.200 ns               ;
; N/A                                     ; 68.03 MHz ( period = 14.700 ns )                    ; debounce:inst6|counter_out[12] ; debounce:inst6|counter_out[19] ; GCLK       ; GCLK     ; None                        ; None                      ; 11.100 ns               ;
; N/A                                     ; 68.97 MHz ( period = 14.500 ns )                    ; debounce:inst6|counter_out[12] ; debounce:inst6|counter_out[18] ; GCLK       ; GCLK     ; None                        ; None                      ; 10.900 ns               ;
; N/A                                     ; 68.97 MHz ( period = 14.500 ns )                    ; debounce:inst6|counter_out[3]  ; debounce:inst6|counter_out[17] ; GCLK       ; GCLK     ; None                        ; None                      ; 10.900 ns               ;
; N/A                                     ; 68.97 MHz ( period = 14.500 ns )                    ; debounce:inst6|counter_out[0]  ; debounce:inst6|counter_out[16] ; GCLK       ; GCLK     ; None                        ; None                      ; 10.900 ns               ;
; N/A                                     ; 68.97 MHz ( period = 14.500 ns )                    ; debounce:inst6|counter_out[9]  ; debounce:inst6|counter_out[15] ; GCLK       ; GCLK     ; None                        ; None                      ; 10.900 ns               ;
; N/A                                     ; 68.97 MHz ( period = 14.500 ns )                    ; debounce:inst6|counter_out[8]  ; debounce:inst6|counter_out[14] ; GCLK       ; GCLK     ; None                        ; None                      ; 10.900 ns               ;
; N/A                                     ; 68.97 MHz ( period = 14.500 ns )                    ; debounce:inst6|counter_out[5]  ; debounce:inst6|counter_out[11] ; GCLK       ; GCLK     ; None                        ; None                      ; 10.900 ns               ;
; N/A                                     ; 68.97 MHz ( period = 14.500 ns )                    ; debounce:inst6|counter_out[2]  ; debounce:inst6|counter_out[8]  ; GCLK       ; GCLK     ; None                        ; None                      ; 10.900 ns               ;
; N/A                                     ; 68.97 MHz ( period = 14.500 ns )                    ; debounce:inst6|counter_out[1]  ; debounce:inst6|counter_out[7]  ; GCLK       ; GCLK     ; None                        ; None                      ; 10.900 ns               ;
; N/A                                     ; 69.44 MHz ( period = 14.400 ns )                    ; debounce:inst6|counter_out[13] ; debounce:inst6|counter_out[19] ; GCLK       ; GCLK     ; None                        ; None                      ; 10.800 ns               ;
; N/A                                     ; 69.44 MHz ( period = 14.400 ns )                    ; debounce:inst6|counter_out[6]  ; debounce:inst6|counter_out[17] ; GCLK       ; GCLK     ; None                        ; None                      ; 10.800 ns               ;
; N/A                                     ; 69.44 MHz ( period = 14.400 ns )                    ; debounce:inst6|counter_out[0]  ; debounce:inst6|counter_out[13] ; GCLK       ; GCLK     ; None                        ; None                      ; 10.800 ns               ;
; N/A                                     ; 70.42 MHz ( period = 14.200 ns )                    ; debounce:inst6|counter_out[13] ; debounce:inst6|counter_out[18] ; GCLK       ; GCLK     ; None                        ; None                      ; 10.600 ns               ;
; N/A                                     ; 70.42 MHz ( period = 14.200 ns )                    ; debounce:inst6|counter_out[4]  ; debounce:inst6|counter_out[17] ; GCLK       ; GCLK     ; None                        ; None                      ; 10.600 ns               ;
; N/A                                     ; 70.42 MHz ( period = 14.200 ns )                    ; debounce:inst6|counter_out[3]  ; debounce:inst6|counter_out[16] ; GCLK       ; GCLK     ; None                        ; None                      ; 10.600 ns               ;
; N/A                                     ; 70.42 MHz ( period = 14.200 ns )                    ; debounce:inst6|counter_out[10] ; debounce:inst6|counter_out[15] ; GCLK       ; GCLK     ; None                        ; None                      ; 10.600 ns               ;
; N/A                                     ; 70.42 MHz ( period = 14.200 ns )                    ; debounce:inst6|counter_out[9]  ; debounce:inst6|counter_out[14] ; GCLK       ; GCLK     ; None                        ; None                      ; 10.600 ns               ;
; N/A                                     ; 70.42 MHz ( period = 14.200 ns )                    ; debounce:inst6|counter_out[5]  ; debounce:inst6|counter_out[10] ; GCLK       ; GCLK     ; None                        ; None                      ; 10.600 ns               ;
; N/A                                     ; 70.42 MHz ( period = 14.200 ns )                    ; debounce:inst6|counter_out[2]  ; debounce:inst6|counter_out[7]  ; GCLK       ; GCLK     ; None                        ; None                      ; 10.600 ns               ;
; N/A                                     ; 70.42 MHz ( period = 14.200 ns )                    ; debounce:inst6|counter_out[1]  ; debounce:inst6|counter_out[6]  ; GCLK       ; GCLK     ; None                        ; None                      ; 10.600 ns               ;
; N/A                                     ; 70.92 MHz ( period = 14.100 ns )                    ; debounce:inst6|counter_out[7]  ; debounce:inst6|counter_out[17] ; GCLK       ; GCLK     ; None                        ; None                      ; 10.500 ns               ;
; N/A                                     ; 70.92 MHz ( period = 14.100 ns )                    ; debounce:inst6|counter_out[6]  ; debounce:inst6|counter_out[16] ; GCLK       ; GCLK     ; None                        ; None                      ; 10.500 ns               ;
; N/A                                     ; 70.92 MHz ( period = 14.100 ns )                    ; debounce:inst6|counter_out[3]  ; debounce:inst6|counter_out[13] ; GCLK       ; GCLK     ; None                        ; None                      ; 10.500 ns               ;
; N/A                                     ; 70.92 MHz ( period = 14.100 ns )                    ; debounce:inst6|counter_out[0]  ; debounce:inst6|counter_out[12] ; GCLK       ; GCLK     ; None                        ; None                      ; 10.500 ns               ;
; N/A                                     ; 71.43 MHz ( period = 14.000 ns )                    ; debounce:inst6|counter_out[6]  ; debounce:inst6|counter_out[13] ; GCLK       ; GCLK     ; None                        ; None                      ; 10.400 ns               ;
; N/A                                     ; 71.94 MHz ( period = 13.900 ns )                    ; debounce:inst6|counter_out[4]  ; debounce:inst6|counter_out[16] ; GCLK       ; GCLK     ; None                        ; None                      ; 10.300 ns               ;
; N/A                                     ; 71.94 MHz ( period = 13.900 ns )                    ; debounce:inst6|counter_out[11] ; debounce:inst6|counter_out[15] ; GCLK       ; GCLK     ; None                        ; None                      ; 10.300 ns               ;
; N/A                                     ; 71.94 MHz ( period = 13.900 ns )                    ; debounce:inst6|counter_out[10] ; debounce:inst6|counter_out[14] ; GCLK       ; GCLK     ; None                        ; None                      ; 10.300 ns               ;
; N/A                                     ; 71.94 MHz ( period = 13.900 ns )                    ; debounce:inst6|counter_out[5]  ; debounce:inst6|counter_out[9]  ; GCLK       ; GCLK     ; None                        ; None                      ; 10.300 ns               ;
; N/A                                     ; 71.94 MHz ( period = 13.900 ns )                    ; debounce:inst6|counter_out[2]  ; debounce:inst6|counter_out[6]  ; GCLK       ; GCLK     ; None                        ; None                      ; 10.300 ns               ;
; N/A                                     ; 72.46 MHz ( period = 13.800 ns )                    ; debounce:inst6|counter_out[8]  ; debounce:inst6|counter_out[17] ; GCLK       ; GCLK     ; None                        ; None                      ; 10.200 ns               ;
; N/A                                     ; 72.46 MHz ( period = 13.800 ns )                    ; debounce:inst6|counter_out[7]  ; debounce:inst6|counter_out[16] ; GCLK       ; GCLK     ; None                        ; None                      ; 10.200 ns               ;
; N/A                                     ; 72.46 MHz ( period = 13.800 ns )                    ; debounce:inst6|counter_out[4]  ; debounce:inst6|counter_out[13] ; GCLK       ; GCLK     ; None                        ; None                      ; 10.200 ns               ;
; N/A                                     ; 72.46 MHz ( period = 13.800 ns )                    ; debounce:inst6|counter_out[3]  ; debounce:inst6|counter_out[12] ; GCLK       ; GCLK     ; None                        ; None                      ; 10.200 ns               ;
; N/A                                     ; 72.46 MHz ( period = 13.800 ns )                    ; debounce:inst6|counter_out[0]  ; debounce:inst6|counter_out[11] ; GCLK       ; GCLK     ; None                        ; None                      ; 10.200 ns               ;
; N/A                                     ; 72.99 MHz ( period = 13.700 ns )                    ; debounce:inst6|counter_out[7]  ; debounce:inst6|counter_out[13] ; GCLK       ; GCLK     ; None                        ; None                      ; 10.100 ns               ;
; N/A                                     ; 72.99 MHz ( period = 13.700 ns )                    ; debounce:inst6|counter_out[6]  ; debounce:inst6|counter_out[12] ; GCLK       ; GCLK     ; None                        ; None                      ; 10.100 ns               ;
; N/A                                     ; 73.53 MHz ( period = 13.600 ns )                    ; debounce:inst6|counter_out[12] ; debounce:inst6|counter_out[15] ; GCLK       ; GCLK     ; None                        ; None                      ; 10.000 ns               ;
; N/A                                     ; 73.53 MHz ( period = 13.600 ns )                    ; debounce:inst6|counter_out[11] ; debounce:inst6|counter_out[14] ; GCLK       ; GCLK     ; None                        ; None                      ; 10.000 ns               ;
; N/A                                     ; 73.53 MHz ( period = 13.600 ns )                    ; debounce:inst6|counter_out[5]  ; debounce:inst6|counter_out[8]  ; GCLK       ; GCLK     ; None                        ; None                      ; 10.000 ns               ;
; N/A                                     ; 74.07 MHz ( period = 13.500 ns )                    ; debounce:inst6|counter_out[9]  ; debounce:inst6|counter_out[17] ; GCLK       ; GCLK     ; None                        ; None                      ; 9.900 ns                ;
; N/A                                     ; 74.07 MHz ( period = 13.500 ns )                    ; debounce:inst6|counter_out[8]  ; debounce:inst6|counter_out[16] ; GCLK       ; GCLK     ; None                        ; None                      ; 9.900 ns                ;
; N/A                                     ; 74.07 MHz ( period = 13.500 ns )                    ; debounce:inst6|counter_out[4]  ; debounce:inst6|counter_out[12] ; GCLK       ; GCLK     ; None                        ; None                      ; 9.900 ns                ;
; N/A                                     ; 74.07 MHz ( period = 13.500 ns )                    ; debounce:inst6|counter_out[3]  ; debounce:inst6|counter_out[11] ; GCLK       ; GCLK     ; None                        ; None                      ; 9.900 ns                ;
; N/A                                     ; 74.07 MHz ( period = 13.500 ns )                    ; debounce:inst6|counter_out[0]  ; debounce:inst6|counter_out[10] ; GCLK       ; GCLK     ; None                        ; None                      ; 9.900 ns                ;
; N/A                                     ; 74.07 MHz ( period = 13.500 ns )                    ; debounce:inst6|counter_out[1]  ; debounce:inst6|counter_out[5]  ; GCLK       ; GCLK     ; None                        ; None                      ; 9.900 ns                ;
; N/A                                     ; 74.63 MHz ( period = 13.400 ns )                    ; debounce:inst6|counter_out[8]  ; debounce:inst6|counter_out[13] ; GCLK       ; GCLK     ; None                        ; None                      ; 9.800 ns                ;
; N/A                                     ; 74.63 MHz ( period = 13.400 ns )                    ; debounce:inst6|counter_out[7]  ; debounce:inst6|counter_out[12] ; GCLK       ; GCLK     ; None                        ; None                      ; 9.800 ns                ;
; N/A                                     ; 74.63 MHz ( period = 13.400 ns )                    ; debounce:inst6|counter_out[6]  ; debounce:inst6|counter_out[11] ; GCLK       ; GCLK     ; None                        ; None                      ; 9.800 ns                ;
; N/A                                     ; 75.19 MHz ( period = 13.300 ns )                    ; debounce:inst6|counter_out[13] ; debounce:inst6|counter_out[15] ; GCLK       ; GCLK     ; None                        ; None                      ; 9.700 ns                ;
; N/A                                     ; 75.19 MHz ( period = 13.300 ns )                    ; debounce:inst6|counter_out[12] ; debounce:inst6|counter_out[14] ; GCLK       ; GCLK     ; None                        ; None                      ; 9.700 ns                ;
; N/A                                     ; 75.19 MHz ( period = 13.300 ns )                    ; debounce:inst6|counter_out[5]  ; debounce:inst6|counter_out[7]  ; GCLK       ; GCLK     ; None                        ; None                      ; 9.700 ns                ;
; N/A                                     ; 75.76 MHz ( period = 13.200 ns )                    ; debounce:inst6|counter_out[14] ; debounce:inst6|counter_out[19] ; GCLK       ; GCLK     ; None                        ; None                      ; 9.600 ns                ;
; N/A                                     ; 75.76 MHz ( period = 13.200 ns )                    ; debounce:inst6|counter_out[10] ; debounce:inst6|counter_out[17] ; GCLK       ; GCLK     ; None                        ; None                      ; 9.600 ns                ;
; N/A                                     ; 75.76 MHz ( period = 13.200 ns )                    ; debounce:inst6|counter_out[9]  ; debounce:inst6|counter_out[16] ; GCLK       ; GCLK     ; None                        ; None                      ; 9.600 ns                ;
; N/A                                     ; 75.76 MHz ( period = 13.200 ns )                    ; debounce:inst6|counter_out[4]  ; debounce:inst6|counter_out[11] ; GCLK       ; GCLK     ; None                        ; None                      ; 9.600 ns                ;
; N/A                                     ; 75.76 MHz ( period = 13.200 ns )                    ; debounce:inst6|counter_out[3]  ; debounce:inst6|counter_out[10] ; GCLK       ; GCLK     ; None                        ; None                      ; 9.600 ns                ;
; N/A                                     ; 75.76 MHz ( period = 13.200 ns )                    ; debounce:inst6|counter_out[0]  ; debounce:inst6|counter_out[9]  ; GCLK       ; GCLK     ; None                        ; None                      ; 9.600 ns                ;
; N/A                                     ; 75.76 MHz ( period = 13.200 ns )                    ; debounce:inst6|counter_out[2]  ; debounce:inst6|counter_out[5]  ; GCLK       ; GCLK     ; None                        ; None                      ; 9.600 ns                ;
; N/A                                     ; 76.34 MHz ( period = 13.100 ns )                    ; debounce:inst6|counter_out[9]  ; debounce:inst6|counter_out[13] ; GCLK       ; GCLK     ; None                        ; None                      ; 9.500 ns                ;
; N/A                                     ; 76.34 MHz ( period = 13.100 ns )                    ; debounce:inst6|counter_out[8]  ; debounce:inst6|counter_out[12] ; GCLK       ; GCLK     ; None                        ; None                      ; 9.500 ns                ;
; N/A                                     ; 76.34 MHz ( period = 13.100 ns )                    ; debounce:inst6|counter_out[7]  ; debounce:inst6|counter_out[11] ; GCLK       ; GCLK     ; None                        ; None                      ; 9.500 ns                ;
; N/A                                     ; 76.34 MHz ( period = 13.100 ns )                    ; debounce:inst6|counter_out[6]  ; debounce:inst6|counter_out[10] ; GCLK       ; GCLK     ; None                        ; None                      ; 9.500 ns                ;
; N/A                                     ; 76.92 MHz ( period = 13.000 ns )                    ; debounce:inst6|counter_out[15] ; debounce:inst6|counter_out[19] ; GCLK       ; GCLK     ; None                        ; None                      ; 9.400 ns                ;
; N/A                                     ; 76.92 MHz ( period = 13.000 ns )                    ; debounce:inst6|counter_out[14] ; debounce:inst6|counter_out[18] ; GCLK       ; GCLK     ; None                        ; None                      ; 9.400 ns                ;
; N/A                                     ; 76.92 MHz ( period = 13.000 ns )                    ; debounce:inst6|counter_out[13] ; debounce:inst6|counter_out[14] ; GCLK       ; GCLK     ; None                        ; None                      ; 9.400 ns                ;
; N/A                                     ; 76.92 MHz ( period = 13.000 ns )                    ; debounce:inst6|counter_out[5]  ; debounce:inst6|counter_out[6]  ; GCLK       ; GCLK     ; None                        ; None                      ; 9.400 ns                ;
; N/A                                     ; 77.52 MHz ( period = 12.900 ns )                    ; debounce:inst6|counter_out[11] ; debounce:inst6|counter_out[17] ; GCLK       ; GCLK     ; None                        ; None                      ; 9.300 ns                ;
; N/A                                     ; 77.52 MHz ( period = 12.900 ns )                    ; debounce:inst6|counter_out[10] ; debounce:inst6|counter_out[16] ; GCLK       ; GCLK     ; None                        ; None                      ; 9.300 ns                ;
; N/A                                     ; 77.52 MHz ( period = 12.900 ns )                    ; debounce:inst6|counter_out[4]  ; debounce:inst6|counter_out[10] ; GCLK       ; GCLK     ; None                        ; None                      ; 9.300 ns                ;
; N/A                                     ; 77.52 MHz ( period = 12.900 ns )                    ; debounce:inst6|counter_out[3]  ; debounce:inst6|counter_out[9]  ; GCLK       ; GCLK     ; None                        ; None                      ; 9.300 ns                ;
; N/A                                     ; 77.52 MHz ( period = 12.900 ns )                    ; debounce:inst6|counter_out[0]  ; debounce:inst6|counter_out[8]  ; GCLK       ; GCLK     ; None                        ; None                      ; 9.300 ns                ;
; N/A                                     ; 78.13 MHz ( period = 12.800 ns )                    ; debounce:inst6|counter_out[15] ; debounce:inst6|counter_out[18] ; GCLK       ; GCLK     ; None                        ; None                      ; 9.200 ns                ;
; N/A                                     ; 78.13 MHz ( period = 12.800 ns )                    ; debounce:inst6|counter_out[10] ; debounce:inst6|counter_out[13] ; GCLK       ; GCLK     ; None                        ; None                      ; 9.200 ns                ;
; N/A                                     ; 78.13 MHz ( period = 12.800 ns )                    ; debounce:inst6|counter_out[9]  ; debounce:inst6|counter_out[12] ; GCLK       ; GCLK     ; None                        ; None                      ; 9.200 ns                ;
; N/A                                     ; 78.13 MHz ( period = 12.800 ns )                    ; debounce:inst6|counter_out[8]  ; debounce:inst6|counter_out[11] ; GCLK       ; GCLK     ; None                        ; None                      ; 9.200 ns                ;
; N/A                                     ; 78.13 MHz ( period = 12.800 ns )                    ; debounce:inst6|counter_out[7]  ; debounce:inst6|counter_out[10] ; GCLK       ; GCLK     ; None                        ; None                      ; 9.200 ns                ;
; N/A                                     ; 78.13 MHz ( period = 12.800 ns )                    ; debounce:inst6|counter_out[6]  ; debounce:inst6|counter_out[9]  ; GCLK       ; GCLK     ; None                        ; None                      ; 9.200 ns                ;
; N/A                                     ; 79.37 MHz ( period = 12.600 ns )                    ; debounce:inst6|counter_out[12] ; debounce:inst6|counter_out[17] ; GCLK       ; GCLK     ; None                        ; None                      ; 9.000 ns                ;
; N/A                                     ; 79.37 MHz ( period = 12.600 ns )                    ; debounce:inst6|counter_out[11] ; debounce:inst6|counter_out[16] ; GCLK       ; GCLK     ; None                        ; None                      ; 9.000 ns                ;
; N/A                                     ; 79.37 MHz ( period = 12.600 ns )                    ; debounce:inst6|counter_out[4]  ; debounce:inst6|counter_out[9]  ; GCLK       ; GCLK     ; None                        ; None                      ; 9.000 ns                ;
; N/A                                     ; 79.37 MHz ( period = 12.600 ns )                    ; debounce:inst6|counter_out[3]  ; debounce:inst6|counter_out[8]  ; GCLK       ; GCLK     ; None                        ; None                      ; 9.000 ns                ;
; N/A                                     ; 79.37 MHz ( period = 12.600 ns )                    ; debounce:inst6|counter_out[0]  ; debounce:inst6|counter_out[7]  ; GCLK       ; GCLK     ; None                        ; None                      ; 9.000 ns                ;
; N/A                                     ; 80.00 MHz ( period = 12.500 ns )                    ; debounce:inst6|counter_out[11] ; debounce:inst6|counter_out[13] ; GCLK       ; GCLK     ; None                        ; None                      ; 8.900 ns                ;
; N/A                                     ; 80.00 MHz ( period = 12.500 ns )                    ; debounce:inst6|counter_out[10] ; debounce:inst6|counter_out[12] ; GCLK       ; GCLK     ; None                        ; None                      ; 8.900 ns                ;
; N/A                                     ; 80.00 MHz ( period = 12.500 ns )                    ; debounce:inst6|counter_out[9]  ; debounce:inst6|counter_out[11] ; GCLK       ; GCLK     ; None                        ; None                      ; 8.900 ns                ;
; N/A                                     ; 80.00 MHz ( period = 12.500 ns )                    ; debounce:inst6|counter_out[8]  ; debounce:inst6|counter_out[10] ; GCLK       ; GCLK     ; None                        ; None                      ; 8.900 ns                ;
; N/A                                     ; 80.00 MHz ( period = 12.500 ns )                    ; debounce:inst6|counter_out[7]  ; debounce:inst6|counter_out[9]  ; GCLK       ; GCLK     ; None                        ; None                      ; 8.900 ns                ;
; N/A                                     ; 80.00 MHz ( period = 12.500 ns )                    ; debounce:inst6|counter_out[6]  ; debounce:inst6|counter_out[8]  ; GCLK       ; GCLK     ; None                        ; None                      ; 8.900 ns                ;
; N/A                                     ; 80.65 MHz ( period = 12.400 ns )                    ; debounce:inst6|counter_out[5]  ; debounce:inst6|counter_out[5]  ; GCLK       ; GCLK     ; None                        ; None                      ; 8.800 ns                ;
; N/A                                     ; 81.30 MHz ( period = 12.300 ns )                    ; debounce:inst6|counter_out[13] ; debounce:inst6|counter_out[17] ; GCLK       ; GCLK     ; None                        ; None                      ; 8.700 ns                ;
; N/A                                     ; 81.30 MHz ( period = 12.300 ns )                    ; debounce:inst6|counter_out[12] ; debounce:inst6|counter_out[16] ; GCLK       ; GCLK     ; None                        ; None                      ; 8.700 ns                ;
; N/A                                     ; 81.30 MHz ( period = 12.300 ns )                    ; debounce:inst6|counter_out[4]  ; debounce:inst6|counter_out[8]  ; GCLK       ; GCLK     ; None                        ; None                      ; 8.700 ns                ;
; N/A                                     ; 81.30 MHz ( period = 12.300 ns )                    ; debounce:inst6|counter_out[3]  ; debounce:inst6|counter_out[7]  ; GCLK       ; GCLK     ; None                        ; None                      ; 8.700 ns                ;
; N/A                                     ; 81.30 MHz ( period = 12.300 ns )                    ; debounce:inst6|counter_out[0]  ; debounce:inst6|counter_out[6]  ; GCLK       ; GCLK     ; None                        ; None                      ; 8.700 ns                ;
; N/A                                     ; 81.97 MHz ( period = 12.200 ns )                    ; debounce:inst6|counter_out[12] ; debounce:inst6|counter_out[13] ; GCLK       ; GCLK     ; None                        ; None                      ; 8.600 ns                ;
; N/A                                     ; 81.97 MHz ( period = 12.200 ns )                    ; debounce:inst6|counter_out[11] ; debounce:inst6|counter_out[12] ; GCLK       ; GCLK     ; None                        ; None                      ; 8.600 ns                ;
; N/A                                     ; 81.97 MHz ( period = 12.200 ns )                    ; debounce:inst6|counter_out[10] ; debounce:inst6|counter_out[11] ; GCLK       ; GCLK     ; None                        ; None                      ; 8.600 ns                ;
; N/A                                     ; 81.97 MHz ( period = 12.200 ns )                    ; debounce:inst6|counter_out[9]  ; debounce:inst6|counter_out[10] ; GCLK       ; GCLK     ; None                        ; None                      ; 8.600 ns                ;
; N/A                                     ; 81.97 MHz ( period = 12.200 ns )                    ; debounce:inst6|counter_out[8]  ; debounce:inst6|counter_out[9]  ; GCLK       ; GCLK     ; None                        ; None                      ; 8.600 ns                ;
; N/A                                     ; 81.97 MHz ( period = 12.200 ns )                    ; debounce:inst6|counter_out[7]  ; debounce:inst6|counter_out[8]  ; GCLK       ; GCLK     ; None                        ; None                      ; 8.600 ns                ;
; N/A                                     ; 81.97 MHz ( period = 12.200 ns )                    ; debounce:inst6|counter_out[6]  ; debounce:inst6|counter_out[7]  ; GCLK       ; GCLK     ; None                        ; None                      ; 8.600 ns                ;
; N/A                                     ; 81.97 MHz ( period = 12.200 ns )                    ; debounce:inst6|counter_out[1]  ; debounce:inst6|counter_out[2]  ; GCLK       ; GCLK     ; None                        ; None                      ; 8.600 ns                ;
; N/A                                     ; 82.64 MHz ( period = 12.100 ns )                    ; debounce:inst6|counter_out[14] ; debounce:inst6|counter_out[15] ; GCLK       ; GCLK     ; None                        ; None                      ; 8.500 ns                ;
; N/A                                     ; 83.33 MHz ( period = 12.000 ns )                    ; debounce:inst6|counter_out[18] ; debounce:inst6|counter_out[19] ; GCLK       ; GCLK     ; None                        ; None                      ; 8.400 ns                ;
; N/A                                     ; 83.33 MHz ( period = 12.000 ns )                    ; debounce:inst6|counter_out[13] ; debounce:inst6|counter_out[16] ; GCLK       ; GCLK     ; None                        ; None                      ; 8.400 ns                ;
; N/A                                     ; 83.33 MHz ( period = 12.000 ns )                    ; debounce:inst6|counter_out[15] ; debounce:inst6|counter_out[15] ; GCLK       ; GCLK     ; None                        ; None                      ; 8.400 ns                ;
; N/A                                     ; 83.33 MHz ( period = 12.000 ns )                    ; debounce:inst6|counter_out[13] ; debounce:inst6|counter_out[13] ; GCLK       ; GCLK     ; None                        ; None                      ; 8.400 ns                ;
; N/A                                     ; 83.33 MHz ( period = 12.000 ns )                    ; debounce:inst6|counter_out[12] ; debounce:inst6|counter_out[12] ; GCLK       ; GCLK     ; None                        ; None                      ; 8.400 ns                ;
; N/A                                     ; 83.33 MHz ( period = 12.000 ns )                    ; debounce:inst6|counter_out[11] ; debounce:inst6|counter_out[11] ; GCLK       ; GCLK     ; None                        ; None                      ; 8.400 ns                ;
; N/A                                     ; 83.33 MHz ( period = 12.000 ns )                    ; debounce:inst6|counter_out[10] ; debounce:inst6|counter_out[10] ; GCLK       ; GCLK     ; None                        ; None                      ; 8.400 ns                ;
; N/A                                     ; 83.33 MHz ( period = 12.000 ns )                    ; debounce:inst6|counter_out[9]  ; debounce:inst6|counter_out[9]  ; GCLK       ; GCLK     ; None                        ; None                      ; 8.400 ns                ;
; N/A                                     ; 83.33 MHz ( period = 12.000 ns )                    ; debounce:inst6|counter_out[8]  ; debounce:inst6|counter_out[8]  ; GCLK       ; GCLK     ; None                        ; None                      ; 8.400 ns                ;
; N/A                                     ; 83.33 MHz ( period = 12.000 ns )                    ; debounce:inst6|counter_out[7]  ; debounce:inst6|counter_out[7]  ; GCLK       ; GCLK     ; None                        ; None                      ; 8.400 ns                ;
; N/A                                     ; 83.33 MHz ( period = 12.000 ns )                    ; debounce:inst6|counter_out[4]  ; debounce:inst6|counter_out[7]  ; GCLK       ; GCLK     ; None                        ; None                      ; 8.400 ns                ;
; N/A                                     ; 83.33 MHz ( period = 12.000 ns )                    ; debounce:inst6|counter_out[6]  ; debounce:inst6|counter_out[6]  ; GCLK       ; GCLK     ; None                        ; None                      ; 8.400 ns                ;
; N/A                                     ; 83.33 MHz ( period = 12.000 ns )                    ; debounce:inst6|counter_out[3]  ; debounce:inst6|counter_out[6]  ; GCLK       ; GCLK     ; None                        ; None                      ; 8.400 ns                ;
; N/A                                     ; 83.33 MHz ( period = 12.000 ns )                    ; debounce:inst6|counter_out[2]  ; debounce:inst6|counter_out[2]  ; GCLK       ; GCLK     ; None                        ; None                      ; 8.400 ns                ;
; N/A                                     ; 83.33 MHz ( period = 12.000 ns )                    ; debounce:inst6|counter_out[1]  ; debounce:inst6|counter_out[1]  ; GCLK       ; GCLK     ; None                        ; None                      ; 8.400 ns                ;
; N/A                                     ; 84.03 MHz ( period = 11.900 ns )                    ; debounce:inst6|counter_out[18] ; debounce:inst6|counter_out[18] ; GCLK       ; GCLK     ; None                        ; None                      ; 8.300 ns                ;
; N/A                                     ; 84.03 MHz ( period = 11.900 ns )                    ; debounce:inst6|counter_out[14] ; debounce:inst6|counter_out[14] ; GCLK       ; GCLK     ; None                        ; None                      ; 8.300 ns                ;
; N/A                                     ; 84.75 MHz ( period = 11.800 ns )                    ; debounce:inst6|counter_out[19] ; debounce:inst6|counter_out[19] ; GCLK       ; GCLK     ; None                        ; None                      ; 8.200 ns                ;
; N/A                                     ; 85.47 MHz ( period = 11.700 ns )                    ; debounce:inst6|counter_out[4]  ; debounce:inst6|counter_out[6]  ; GCLK       ; GCLK     ; None                        ; None                      ; 8.100 ns                ;
; N/A                                     ; 86.21 MHz ( period = 11.600 ns )                    ; debounce:inst6|counter_out[0]  ; debounce:inst6|counter_out[5]  ; GCLK       ; GCLK     ; None                        ; None                      ; 8.000 ns                ;
; N/A                                     ; 88.50 MHz ( period = 11.300 ns )                    ; debounce:inst6|counter_out[3]  ; debounce:inst6|counter_out[5]  ; GCLK       ; GCLK     ; None                        ; None                      ; 7.700 ns                ;
; N/A                                     ; 89.29 MHz ( period = 11.200 ns )                    ; debounce:inst6|counter_out[1]  ; debounce:inst6|counter_out[4]  ; GCLK       ; GCLK     ; None                        ; None                      ; 7.600 ns                ;
; N/A                                     ; 90.09 MHz ( period = 11.100 ns )                    ; debounce:inst6|counter_out[16] ; debounce:inst6|counter_out[19] ; GCLK       ; GCLK     ; None                        ; None                      ; 7.500 ns                ;
; N/A                                     ; 90.09 MHz ( period = 11.100 ns )                    ; debounce:inst6|counter_out[14] ; debounce:inst6|counter_out[17] ; GCLK       ; GCLK     ; None                        ; None                      ; 7.500 ns                ;
; N/A                                     ; 90.91 MHz ( period = 11.000 ns )                    ; debounce:inst6|counter_out[4]  ; debounce:inst6|counter_out[5]  ; GCLK       ; GCLK     ; None                        ; None                      ; 7.400 ns                ;
; N/A                                     ; 91.74 MHz ( period = 10.900 ns )                    ; debounce:inst6|counter_out[16] ; debounce:inst6|counter_out[18] ; GCLK       ; GCLK     ; None                        ; None                      ; 7.300 ns                ;
; N/A                                     ; 91.74 MHz ( period = 10.900 ns )                    ; debounce:inst6|counter_out[15] ; debounce:inst6|counter_out[17] ; GCLK       ; GCLK     ; None                        ; None                      ; 7.300 ns                ;
; N/A                                     ; 91.74 MHz ( period = 10.900 ns )                    ; debounce:inst6|counter_out[2]  ; debounce:inst6|counter_out[4]  ; GCLK       ; GCLK     ; None                        ; None                      ; 7.300 ns                ;
; N/A                                     ; 91.74 MHz ( period = 10.900 ns )                    ; debounce:inst6|counter_out[1]  ; debounce:inst6|counter_out[3]  ; GCLK       ; GCLK     ; None                        ; None                      ; 7.300 ns                ;
; N/A                                     ; 92.59 MHz ( period = 10.800 ns )                    ; debounce:inst6|counter_out[17] ; debounce:inst6|counter_out[19] ; GCLK       ; GCLK     ; None                        ; None                      ; 7.200 ns                ;
; N/A                                     ; 92.59 MHz ( period = 10.800 ns )                    ; debounce:inst6|counter_out[14] ; debounce:inst6|counter_out[16] ; GCLK       ; GCLK     ; None                        ; None                      ; 7.200 ns                ;
; N/A                                     ; 93.46 MHz ( period = 10.700 ns )                    ; debounce:inst6|flipflops[0]    ; debounce:inst6|counter_out[0]  ; GCLK       ; GCLK     ; None                        ; None                      ; 7.100 ns                ;
; N/A                                     ; 94.34 MHz ( period = 10.600 ns )                    ; debounce:inst6|counter_out[17] ; debounce:inst6|counter_out[18] ; GCLK       ; GCLK     ; None                        ; None                      ; 7.000 ns                ;
; N/A                                     ; 94.34 MHz ( period = 10.600 ns )                    ; debounce:inst6|counter_out[15] ; debounce:inst6|counter_out[16] ; GCLK       ; GCLK     ; None                        ; None                      ; 7.000 ns                ;
; N/A                                     ; 94.34 MHz ( period = 10.600 ns )                    ; debounce:inst6|counter_out[2]  ; debounce:inst6|counter_out[3]  ; GCLK       ; GCLK     ; None                        ; None                      ; 7.000 ns                ;
; Timing analysis restricted to 200 rows. ; To change the limit use Settings (Assignments menu) ;                                ;                                ;            ;          ;                             ;                           ;                         ;
+-----------------------------------------+-----------------------------------------------------+--------------------------------+--------------------------------+------------+----------+-----------------------------+---------------------------+-------------------------+


+---------------------------------------------------------------------------------------+
; tsu                                                                                   ;
+-------+--------------+------------+----------+-----------------------------+----------+
; Slack ; Required tsu ; Actual tsu ; From     ; To                          ; To Clock ;
+-------+--------------+------------+----------+-----------------------------+----------+
; N/A   ; None         ; 7.900 ns   ; FLEX_PB1 ; debounce:inst6|flipflops[0] ; GCLK     ;
+-------+--------------+------------+----------+-----------------------------+----------+


+-------------------------------------------------------------------------------------------------------------------------------------------------------+
; tco                                                                                                                                                   ;
+-------+--------------+------------+-------------------------------------------------------------------------------------+----------------+------------+
; Slack ; Required tco ; Actual tco ; From                                                                                ; To             ; From Clock ;
+-------+--------------+------------+-------------------------------------------------------------------------------------+----------------+------------+
; N/A   ; None         ; 51.600 ns  ; counter:inst5|lpm_counter:lpm_counter_component|alt_counter_f10ke:wysi_counter|q[1] ; FLEX_DIGIT2_DP ; GCLK       ;
; N/A   ; None         ; 51.600 ns  ; counter:inst5|lpm_counter:lpm_counter_component|alt_counter_f10ke:wysi_counter|q[0] ; FLEX_DIGIT2_DP ; GCLK       ;
; N/A   ; None         ; 51.600 ns  ; counter:inst5|lpm_counter:lpm_counter_component|alt_counter_f10ke:wysi_counter|q[2] ; FLEX_DIGIT2_DP ; GCLK       ;
; N/A   ; None         ; 51.600 ns  ; counter:inst5|lpm_counter:lpm_counter_component|alt_counter_f10ke:wysi_counter|q[3] ; FLEX_DIGIT2_DP ; GCLK       ;
; N/A   ; None         ; 51.600 ns  ; counter:inst5|lpm_counter:lpm_counter_component|alt_counter_f10ke:wysi_counter|q[4] ; FLEX_DIGIT2_DP ; GCLK       ;
; N/A   ; None         ; 30.200 ns  ; counter:inst5|lpm_counter:lpm_counter_component|alt_counter_f10ke:wysi_counter|q[1] ; FLEX_DIGIT2[1] ; GCLK       ;
; N/A   ; None         ; 30.200 ns  ; counter:inst5|lpm_counter:lpm_counter_component|alt_counter_f10ke:wysi_counter|q[2] ; FLEX_DIGIT2[1] ; GCLK       ;
; N/A   ; None         ; 30.200 ns  ; counter:inst5|lpm_counter:lpm_counter_component|alt_counter_f10ke:wysi_counter|q[4] ; FLEX_DIGIT2[1] ; GCLK       ;
; N/A   ; None         ; 29.900 ns  ; counter:inst5|lpm_counter:lpm_counter_component|alt_counter_f10ke:wysi_counter|q[1] ; FLEX_DIGIT2[0] ; GCLK       ;
; N/A   ; None         ; 29.900 ns  ; counter:inst5|lpm_counter:lpm_counter_component|alt_counter_f10ke:wysi_counter|q[2] ; FLEX_DIGIT2[0] ; GCLK       ;
; N/A   ; None         ; 29.900 ns  ; counter:inst5|lpm_counter:lpm_counter_component|alt_counter_f10ke:wysi_counter|q[4] ; FLEX_DIGIT2[0] ; GCLK       ;
; N/A   ; None         ; 29.700 ns  ; counter:inst5|lpm_counter:lpm_counter_component|alt_counter_f10ke:wysi_counter|q[3] ; FLEX_DIGIT2[1] ; GCLK       ;
; N/A   ; None         ; 29.400 ns  ; counter:inst5|lpm_counter:lpm_counter_component|alt_counter_f10ke:wysi_counter|q[3] ; FLEX_DIGIT2[0] ; GCLK       ;
; N/A   ; None         ; 29.300 ns  ; counter:inst5|lpm_counter:lpm_counter_component|alt_counter_f10ke:wysi_counter|q[1] ; FLEX_DIGIT2[5] ; GCLK       ;
; N/A   ; None         ; 29.300 ns  ; counter:inst5|lpm_counter:lpm_counter_component|alt_counter_f10ke:wysi_counter|q[0] ; FLEX_DIGIT2[5] ; GCLK       ;
; N/A   ; None         ; 29.300 ns  ; counter:inst5|lpm_counter:lpm_counter_component|alt_counter_f10ke:wysi_counter|q[2] ; FLEX_DIGIT2[5] ; GCLK       ;
; N/A   ; None         ; 29.200 ns  ; counter:inst5|lpm_counter:lpm_counter_component|alt_counter_f10ke:wysi_counter|q[1] ; FLEX_DIGIT2[4] ; GCLK       ;
; N/A   ; None         ; 29.200 ns  ; counter:inst5|lpm_counter:lpm_counter_component|alt_counter_f10ke:wysi_counter|q[2] ; FLEX_DIGIT2[4] ; GCLK       ;
; N/A   ; None         ; 29.200 ns  ; counter:inst5|lpm_counter:lpm_counter_component|alt_counter_f10ke:wysi_counter|q[4] ; FLEX_DIGIT2[4] ; GCLK       ;
; N/A   ; None         ; 29.200 ns  ; counter:inst5|lpm_counter:lpm_counter_component|alt_counter_f10ke:wysi_counter|q[1] ; FLEX_DIGIT2[6] ; GCLK       ;
; N/A   ; None         ; 29.200 ns  ; counter:inst5|lpm_counter:lpm_counter_component|alt_counter_f10ke:wysi_counter|q[0] ; FLEX_DIGIT2[6] ; GCLK       ;
; N/A   ; None         ; 29.200 ns  ; counter:inst5|lpm_counter:lpm_counter_component|alt_counter_f10ke:wysi_counter|q[2] ; FLEX_DIGIT2[6] ; GCLK       ;
; N/A   ; None         ; 29.000 ns  ; counter:inst5|lpm_counter:lpm_counter_component|alt_counter_f10ke:wysi_counter|q[1] ; FLEX_DIGIT2[3] ; GCLK       ;
; N/A   ; None         ; 29.000 ns  ; counter:inst5|lpm_counter:lpm_counter_component|alt_counter_f10ke:wysi_counter|q[2] ; FLEX_DIGIT2[3] ; GCLK       ;
; N/A   ; None         ; 29.000 ns  ; counter:inst5|lpm_counter:lpm_counter_component|alt_counter_f10ke:wysi_counter|q[4] ; FLEX_DIGIT2[3] ; GCLK       ;
; N/A   ; None         ; 28.800 ns  ; counter:inst5|lpm_counter:lpm_counter_component|alt_counter_f10ke:wysi_counter|q[3] ; FLEX_DIGIT2[5] ; GCLK       ;
; N/A   ; None         ; 28.700 ns  ; counter:inst5|lpm_counter:lpm_counter_component|alt_counter_f10ke:wysi_counter|q[3] ; FLEX_DIGIT2[4] ; GCLK       ;
; N/A   ; None         ; 28.700 ns  ; counter:inst5|lpm_counter:lpm_counter_component|alt_counter_f10ke:wysi_counter|q[3] ; FLEX_DIGIT2[6] ; GCLK       ;
; N/A   ; None         ; 28.500 ns  ; counter:inst5|lpm_counter:lpm_counter_component|alt_counter_f10ke:wysi_counter|q[1] ; FLEX_DIGIT2[2] ; GCLK       ;
; N/A   ; None         ; 28.500 ns  ; counter:inst5|lpm_counter:lpm_counter_component|alt_counter_f10ke:wysi_counter|q[2] ; FLEX_DIGIT2[2] ; GCLK       ;
; N/A   ; None         ; 28.500 ns  ; counter:inst5|lpm_counter:lpm_counter_component|alt_counter_f10ke:wysi_counter|q[4] ; FLEX_DIGIT2[2] ; GCLK       ;
; N/A   ; None         ; 28.500 ns  ; counter:inst5|lpm_counter:lpm_counter_component|alt_counter_f10ke:wysi_counter|q[3] ; FLEX_DIGIT2[3] ; GCLK       ;
; N/A   ; None         ; 28.000 ns  ; counter:inst5|lpm_counter:lpm_counter_component|alt_counter_f10ke:wysi_counter|q[3] ; FLEX_DIGIT2[2] ; GCLK       ;
; N/A   ; None         ; 27.300 ns  ; counter:inst5|lpm_counter:lpm_counter_component|alt_counter_f10ke:wysi_counter|q[0] ; FLEX_DIGIT2[1] ; GCLK       ;
; N/A   ; None         ; 26.800 ns  ; counter:inst5|lpm_counter:lpm_counter_component|alt_counter_f10ke:wysi_counter|q[2] ; FLEX_DIGIT1[0] ; GCLK       ;
; N/A   ; None         ; 26.800 ns  ; counter:inst5|lpm_counter:lpm_counter_component|alt_counter_f10ke:wysi_counter|q[3] ; FLEX_DIGIT1[0] ; GCLK       ;
; N/A   ; None         ; 26.500 ns  ; counter:inst5|lpm_counter:lpm_counter_component|alt_counter_f10ke:wysi_counter|q[0] ; FLEX_DIGIT2[0] ; GCLK       ;
; N/A   ; None         ; 26.400 ns  ; counter:inst5|lpm_counter:lpm_counter_component|alt_counter_f10ke:wysi_counter|q[4] ; FLEX_DIGIT2[5] ; GCLK       ;
; N/A   ; None         ; 26.300 ns  ; counter:inst5|lpm_counter:lpm_counter_component|alt_counter_f10ke:wysi_counter|q[4] ; FLEX_DIGIT1[0] ; GCLK       ;
; N/A   ; None         ; 26.100 ns  ; counter:inst5|lpm_counter:lpm_counter_component|alt_counter_f10ke:wysi_counter|q[0] ; FLEX_DIGIT2[2] ; GCLK       ;
; N/A   ; None         ; 26.100 ns  ; counter:inst5|lpm_counter:lpm_counter_component|alt_counter_f10ke:wysi_counter|q[0] ; FLEX_DIGIT2[3] ; GCLK       ;
; N/A   ; None         ; 25.900 ns  ; counter:inst5|lpm_counter:lpm_counter_component|alt_counter_f10ke:wysi_counter|q[1] ; FLEX_DIGIT1[1] ; GCLK       ;
; N/A   ; None         ; 25.900 ns  ; counter:inst5|lpm_counter:lpm_counter_component|alt_counter_f10ke:wysi_counter|q[2] ; FLEX_DIGIT1[1] ; GCLK       ;
; N/A   ; None         ; 25.900 ns  ; counter:inst5|lpm_counter:lpm_counter_component|alt_counter_f10ke:wysi_counter|q[3] ; FLEX_DIGIT1[1] ; GCLK       ;
; N/A   ; None         ; 25.900 ns  ; counter:inst5|lpm_counter:lpm_counter_component|alt_counter_f10ke:wysi_counter|q[1] ; FLEX_DIGIT1[2] ; GCLK       ;
; N/A   ; None         ; 25.900 ns  ; counter:inst5|lpm_counter:lpm_counter_component|alt_counter_f10ke:wysi_counter|q[2] ; FLEX_DIGIT1[2] ; GCLK       ;
; N/A   ; None         ; 25.900 ns  ; counter:inst5|lpm_counter:lpm_counter_component|alt_counter_f10ke:wysi_counter|q[3] ; FLEX_DIGIT1[2] ; GCLK       ;
; N/A   ; None         ; 25.900 ns  ; counter:inst5|lpm_counter:lpm_counter_component|alt_counter_f10ke:wysi_counter|q[1] ; FLEX_DIGIT1[3] ; GCLK       ;
; N/A   ; None         ; 25.900 ns  ; counter:inst5|lpm_counter:lpm_counter_component|alt_counter_f10ke:wysi_counter|q[2] ; FLEX_DIGIT1[3] ; GCLK       ;
; N/A   ; None         ; 25.900 ns  ; counter:inst5|lpm_counter:lpm_counter_component|alt_counter_f10ke:wysi_counter|q[3] ; FLEX_DIGIT1[3] ; GCLK       ;
; N/A   ; None         ; 25.900 ns  ; counter:inst5|lpm_counter:lpm_counter_component|alt_counter_f10ke:wysi_counter|q[1] ; FLEX_DIGIT1[4] ; GCLK       ;
; N/A   ; None         ; 25.900 ns  ; counter:inst5|lpm_counter:lpm_counter_component|alt_counter_f10ke:wysi_counter|q[2] ; FLEX_DIGIT1[4] ; GCLK       ;
; N/A   ; None         ; 25.900 ns  ; counter:inst5|lpm_counter:lpm_counter_component|alt_counter_f10ke:wysi_counter|q[3] ; FLEX_DIGIT1[4] ; GCLK       ;
; N/A   ; None         ; 25.900 ns  ; counter:inst5|lpm_counter:lpm_counter_component|alt_counter_f10ke:wysi_counter|q[1] ; FLEX_DIGIT1[6] ; GCLK       ;
; N/A   ; None         ; 25.900 ns  ; counter:inst5|lpm_counter:lpm_counter_component|alt_counter_f10ke:wysi_counter|q[2] ; FLEX_DIGIT1[6] ; GCLK       ;
; N/A   ; None         ; 25.900 ns  ; counter:inst5|lpm_counter:lpm_counter_component|alt_counter_f10ke:wysi_counter|q[3] ; FLEX_DIGIT1[6] ; GCLK       ;
; N/A   ; None         ; 25.800 ns  ; counter:inst5|lpm_counter:lpm_counter_component|alt_counter_f10ke:wysi_counter|q[0] ; FLEX_DIGIT2[4] ; GCLK       ;
; N/A   ; None         ; 25.800 ns  ; counter:inst5|lpm_counter:lpm_counter_component|alt_counter_f10ke:wysi_counter|q[4] ; FLEX_DIGIT2[6] ; GCLK       ;
; N/A   ; None         ; 25.400 ns  ; counter:inst5|lpm_counter:lpm_counter_component|alt_counter_f10ke:wysi_counter|q[4] ; FLEX_DIGIT1[1] ; GCLK       ;
; N/A   ; None         ; 25.400 ns  ; counter:inst5|lpm_counter:lpm_counter_component|alt_counter_f10ke:wysi_counter|q[4] ; FLEX_DIGIT1[2] ; GCLK       ;
; N/A   ; None         ; 25.400 ns  ; counter:inst5|lpm_counter:lpm_counter_component|alt_counter_f10ke:wysi_counter|q[4] ; FLEX_DIGIT1[3] ; GCLK       ;
; N/A   ; None         ; 25.400 ns  ; counter:inst5|lpm_counter:lpm_counter_component|alt_counter_f10ke:wysi_counter|q[4] ; FLEX_DIGIT1[4] ; GCLK       ;
; N/A   ; None         ; 25.400 ns  ; counter:inst5|lpm_counter:lpm_counter_component|alt_counter_f10ke:wysi_counter|q[4] ; FLEX_DIGIT1[6] ; GCLK       ;
+-------+--------------+------------+-------------------------------------------------------------------------------------+----------------+------------+


+---------------------------------------------------------------------------+
; tpd                                                                       ;
+-------+-------------------+-----------------+------------+----------------+
; Slack ; Required P2P Time ; Actual P2P Time ; From       ; To             ;
+-------+-------------------+-----------------+------------+----------------+
; N/A   ; None              ; 25.900 ns       ; FLEX_SW[1] ; FLEX_DIGIT2_DP ;
; N/A   ; None              ; 25.400 ns       ; FLEX_SW[0] ; FLEX_DIGIT2_DP ;
; N/A   ; None              ; 17.100 ns       ; FLEX_SW[3] ; FLEX_DIGIT2_DP ;
; N/A   ; None              ; 16.600 ns       ; FLEX_SW[2] ; FLEX_DIGIT2_DP ;
+-------+-------------------+-----------------+------------+----------------+


+---------------------------------------------------------------------------------------------+
; th                                                                                          ;
+---------------+-------------+-----------+----------+-----------------------------+----------+
; Minimum Slack ; Required th ; Actual th ; From     ; To                          ; To Clock ;
+---------------+-------------+-----------+----------+-----------------------------+----------+
; N/A           ; None        ; -3.800 ns ; FLEX_PB1 ; debounce:inst6|flipflops[0] ; GCLK     ;
+---------------+-------------+-----------+----------+-----------------------------+----------+


+--------------------------+
; Timing Analyzer Messages ;
+--------------------------+
Info: *******************************************************************
Info: Running Quartus II Classic Timing Analyzer
    Info: Version 9.0 Build 235 06/17/2009 Service Pack 2 SJ Web Edition
    Info: Processing started: Thu Jun 07 09:34:20 2018
Info: Command: quartus_tan --read_settings_files=off --write_settings_files=off multiplexador -c multiplexador
Info: Started post-fitting delay annotation
Info: Delay annotation completed successfully
Warning: Found pins functioning as undefined clocks and/or memory enables
    Info: Assuming node "GCLK" is an undefined clock
Warning: Found 1 node(s) in clock paths which may be acting as ripple and/or gated clocks -- node(s) analyzed as buffer(s) resulting in clock skew
    Info: Detected ripple clock "debounce:inst6|result" as buffer
Info: Clock "GCLK" has Internal fmax of 53.19 MHz between source register "debounce:inst6|counter_out[1]" and destination register "debounce:inst6|counter_out[19]" (period= 18.8 ns)
    Info: + Longest register to register delay is 15.200 ns
        Info: 1: + IC(0.000 ns) + CELL(0.000 ns) = 0.000 ns; Loc. = LC1_E14; Fanout = 3; REG Node = 'debounce:inst6|counter_out[1]'
        Info: 2: + IC(2.200 ns) + CELL(1.200 ns) = 3.400 ns; Loc. = LC4_E13; Fanout = 2; COMB Node = 'debounce:inst6|lpm_add_sub:Add0|addcore:adder|a_csnbuffer:result_node|cs_buffer[1]~COUT'
        Info: 3: + IC(0.000 ns) + CELL(0.300 ns) = 3.700 ns; Loc. = LC5_E13; Fanout = 2; COMB Node = 'debounce:inst6|lpm_add_sub:Add0|addcore:adder|a_csnbuffer:result_node|cs_buffer[2]~COUT'
        Info: 4: + IC(0.000 ns) + CELL(0.300 ns) = 4.000 ns; Loc. = LC6_E13; Fanout = 2; COMB Node = 'debounce:inst6|lpm_add_sub:Add0|addcore:adder|a_csnbuffer:result_node|cs_buffer[3]~COUT'
        Info: 5: + IC(0.000 ns) + CELL(0.300 ns) = 4.300 ns; Loc. = LC7_E13; Fanout = 2; COMB Node = 'debounce:inst6|lpm_add_sub:Add0|addcore:adder|a_csnbuffer:result_node|cs_buffer[4]~COUT'
        Info: 6: + IC(0.000 ns) + CELL(0.300 ns) = 4.600 ns; Loc. = LC8_E13; Fanout = 2; COMB Node = 'debounce:inst6|lpm_add_sub:Add0|addcore:adder|a_csnbuffer:result_node|cs_buffer[5]~COUT'
        Info: 7: + IC(0.800 ns) + CELL(0.300 ns) = 5.700 ns; Loc. = LC1_E15; Fanout = 2; COMB Node = 'debounce:inst6|lpm_add_sub:Add0|addcore:adder|a_csnbuffer:result_node|cs_buffer[6]~COUT'
        Info: 8: + IC(0.000 ns) + CELL(0.300 ns) = 6.000 ns; Loc. = LC2_E15; Fanout = 2; COMB Node = 'debounce:inst6|lpm_add_sub:Add0|addcore:adder|a_csnbuffer:result_node|cs_buffer[7]~COUT'
        Info: 9: + IC(0.000 ns) + CELL(0.300 ns) = 6.300 ns; Loc. = LC3_E15; Fanout = 2; COMB Node = 'debounce:inst6|lpm_add_sub:Add0|addcore:adder|a_csnbuffer:result_node|cs_buffer[8]~COUT'
        Info: 10: + IC(0.000 ns) + CELL(0.300 ns) = 6.600 ns; Loc. = LC4_E15; Fanout = 2; COMB Node = 'debounce:inst6|lpm_add_sub:Add0|addcore:adder|a_csnbuffer:result_node|cs_buffer[9]~COUT'
        Info: 11: + IC(0.000 ns) + CELL(0.300 ns) = 6.900 ns; Loc. = LC5_E15; Fanout = 2; COMB Node = 'debounce:inst6|lpm_add_sub:Add0|addcore:adder|a_csnbuffer:result_node|cs_buffer[10]~COUT'
        Info: 12: + IC(0.000 ns) + CELL(0.300 ns) = 7.200 ns; Loc. = LC6_E15; Fanout = 2; COMB Node = 'debounce:inst6|lpm_add_sub:Add0|addcore:adder|a_csnbuffer:result_node|cs_buffer[11]~COUT'
        Info: 13: + IC(0.000 ns) + CELL(0.300 ns) = 7.500 ns; Loc. = LC7_E15; Fanout = 2; COMB Node = 'debounce:inst6|lpm_add_sub:Add0|addcore:adder|a_csnbuffer:result_node|cs_buffer[12]~COUT'
        Info: 14: + IC(0.000 ns) + CELL(0.300 ns) = 7.800 ns; Loc. = LC8_E15; Fanout = 2; COMB Node = 'debounce:inst6|lpm_add_sub:Add0|addcore:adder|a_csnbuffer:result_node|cs_buffer[13]~COUT'
        Info: 15: + IC(0.800 ns) + CELL(0.300 ns) = 8.900 ns; Loc. = LC1_E17; Fanout = 2; COMB Node = 'debounce:inst6|lpm_add_sub:Add0|addcore:adder|a_csnbuffer:result_node|cs_buffer[14]~COUT'
        Info: 16: + IC(0.000 ns) + CELL(0.300 ns) = 9.200 ns; Loc. = LC2_E17; Fanout = 2; COMB Node = 'debounce:inst6|lpm_add_sub:Add0|addcore:adder|a_csnbuffer:result_node|cs_buffer[15]~COUT'
        Info: 17: + IC(0.000 ns) + CELL(0.300 ns) = 9.500 ns; Loc. = LC3_E17; Fanout = 2; COMB Node = 'debounce:inst6|lpm_add_sub:Add0|addcore:adder|a_csnbuffer:result_node|cs_buffer[16]~COUT'
        Info: 18: + IC(0.000 ns) + CELL(0.300 ns) = 9.800 ns; Loc. = LC4_E17; Fanout = 2; COMB Node = 'debounce:inst6|lpm_add_sub:Add0|addcore:adder|a_csnbuffer:result_node|cs_buffer[17]~COUT'
        Info: 19: + IC(0.000 ns) + CELL(0.300 ns) = 10.100 ns; Loc. = LC5_E17; Fanout = 1; COMB Node = 'debounce:inst6|lpm_add_sub:Add0|addcore:adder|a_csnbuffer:result_node|cs_buffer[18]~COUT'
        Info: 20: + IC(0.000 ns) + CELL(1.300 ns) = 11.400 ns; Loc. = LC6_E17; Fanout = 1; COMB Node = 'debounce:inst6|lpm_add_sub:Add0|addcore:adder|unreg_res_node[19]'
        Info: 21: + IC(2.100 ns) + CELL(1.700 ns) = 15.200 ns; Loc. = LC6_E16; Fanout = 22; REG Node = 'debounce:inst6|counter_out[19]'
        Info: Total cell delay = 9.300 ns ( 61.18 % )
        Info: Total interconnect delay = 5.900 ns ( 38.82 % )
    Info: - Smallest clock skew is 0.000 ns
        Info: + Shortest clock path from clock "GCLK" to destination register is 5.300 ns
            Info: 1: + IC(0.000 ns) + CELL(2.800 ns) = 2.800 ns; Loc. = PIN_91; Fanout = 23; CLK Node = 'GCLK'
            Info: 2: + IC(2.500 ns) + CELL(0.000 ns) = 5.300 ns; Loc. = LC6_E16; Fanout = 22; REG Node = 'debounce:inst6|counter_out[19]'
            Info: Total cell delay = 2.800 ns ( 52.83 % )
            Info: Total interconnect delay = 2.500 ns ( 47.17 % )
        Info: - Longest clock path from clock "GCLK" to source register is 5.300 ns
            Info: 1: + IC(0.000 ns) + CELL(2.800 ns) = 2.800 ns; Loc. = PIN_91; Fanout = 23; CLK Node = 'GCLK'
            Info: 2: + IC(2.500 ns) + CELL(0.000 ns) = 5.300 ns; Loc. = LC1_E14; Fanout = 3; REG Node = 'debounce:inst6|counter_out[1]'
            Info: Total cell delay = 2.800 ns ( 52.83 % )
            Info: Total interconnect delay = 2.500 ns ( 47.17 % )
    Info: + Micro clock to output delay of source is 1.100 ns
    Info: + Micro setup delay of destination is 2.500 ns
Info: tsu for register "debounce:inst6|flipflops[0]" (data pin = "FLEX_PB1", clock pin = "GCLK") is 7.900 ns
    Info: + Longest pin to register delay is 10.700 ns
        Info: 1: + IC(0.000 ns) + CELL(3.500 ns) = 3.500 ns; Loc. = PIN_28; Fanout = 1; PIN Node = 'FLEX_PB1'
        Info: 2: + IC(6.000 ns) + CELL(1.200 ns) = 10.700 ns; Loc. = LC4_E16; Fanout = 4; REG Node = 'debounce:inst6|flipflops[0]'
        Info: Total cell delay = 4.700 ns ( 43.93 % )
        Info: Total interconnect delay = 6.000 ns ( 56.07 % )
    Info: + Micro setup delay of destination is 2.500 ns
    Info: - Shortest clock path from clock "GCLK" to destination register is 5.300 ns
        Info: 1: + IC(0.000 ns) + CELL(2.800 ns) = 2.800 ns; Loc. = PIN_91; Fanout = 23; CLK Node = 'GCLK'
        Info: 2: + IC(2.500 ns) + CELL(0.000 ns) = 5.300 ns; Loc. = LC4_E16; Fanout = 4; REG Node = 'debounce:inst6|flipflops[0]'
        Info: Total cell delay = 2.800 ns ( 52.83 % )
        Info: Total interconnect delay = 2.500 ns ( 47.17 % )
Info: tco from clock "GCLK" to destination pin "FLEX_DIGIT2_DP" through register "counter:inst5|lpm_counter:lpm_counter_component|alt_counter_f10ke:wysi_counter|q[1]" is 51.600 ns
    Info: + Longest clock path from clock "GCLK" to source register is 12.100 ns
        Info: 1: + IC(0.000 ns) + CELL(2.800 ns) = 2.800 ns; Loc. = PIN_91; Fanout = 23; CLK Node = 'GCLK'
        Info: 2: + IC(2.500 ns) + CELL(1.100 ns) = 6.400 ns; Loc. = LC1_E16; Fanout = 5; REG Node = 'debounce:inst6|result'
        Info: 3: + IC(5.700 ns) + CELL(0.000 ns) = 12.100 ns; Loc. = LC4_C12; Fanout = 34; REG Node = 'counter:inst5|lpm_counter:lpm_counter_component|alt_counter_f10ke:wysi_counter|q[1]'
        Info: Total cell delay = 3.900 ns ( 32.23 % )
        Info: Total interconnect delay = 8.200 ns ( 67.77 % )
    Info: + Micro clock to output delay of source is 1.100 ns
    Info: + Longest register to pin delay is 38.400 ns
        Info: 1: + IC(0.000 ns) + CELL(0.000 ns) = 0.000 ns; Loc. = LC4_C12; Fanout = 34; REG Node = 'counter:inst5|lpm_counter:lpm_counter_component|alt_counter_f10ke:wysi_counter|q[1]'
        Info: 2: + IC(3.700 ns) + CELL(12.600 ns) = 16.300 ns; Loc. = EC4_B; Fanout = 1; MEM Node = 'TruthTable:inst|lpm_rom:lpm_rom_component|altrom:srom|q[8]~mem_cell_ra0'
        Info: 3: + IC(0.000 ns) + CELL(2.500 ns) = 18.800 ns; Loc. = EC4_B; Fanout = 1; MEM Node = 'TruthTable:inst|lpm_rom:lpm_rom_component|altrom:srom|q[8]'
        Info: 4: + IC(4.100 ns) + CELL(1.700 ns) = 24.600 ns; Loc. = LC4_D24; Fanout = 1; COMB Node = 'multiplex:inst2|lpm_mux:lpm_mux_component|muxlut:$00010|muxlut:$00016|$00012~3'
        Info: 5: + IC(0.000 ns) + CELL(1.500 ns) = 26.100 ns; Loc. = LC5_D24; Fanout = 1; COMB Node = 'multiplex:inst2|lpm_mux:lpm_mux_component|muxlut:$00010|muxlut:$00016|result_node~4'
        Info: 6: + IC(2.200 ns) + CELL(2.300 ns) = 30.600 ns; Loc. = LC4_D18; Fanout = 1; COMB Node = 'multiplex:inst2|lpm_mux:lpm_mux_component|muxlut:$00010|muxlut:$00020|result_node~2'
        Info: 7: + IC(2.700 ns) + CELL(5.100 ns) = 38.400 ns; Loc. = PIN_25; Fanout = 0; PIN Node = 'FLEX_DIGIT2_DP'
        Info: Total cell delay = 25.700 ns ( 66.93 % )
        Info: Total interconnect delay = 12.700 ns ( 33.07 % )
Info: Longest tpd from source pin "FLEX_SW[1]" to destination pin "FLEX_DIGIT2_DP" is 25.900 ns
    Info: 1: + IC(0.000 ns) + CELL(3.500 ns) = 3.500 ns; Loc. = PIN_40; Fanout = 8; PIN Node = 'FLEX_SW[1]'
    Info: 2: + IC(6.000 ns) + CELL(1.700 ns) = 11.200 ns; Loc. = LC7_D14; Fanout = 1; COMB Node = 'multiplex:inst2|lpm_mux:lpm_mux_component|muxlut:$00010|muxlut:$00014|$00012~3'
    Info: 3: + IC(0.000 ns) + CELL(1.500 ns) = 12.700 ns; Loc. = LC8_D14; Fanout = 1; COMB Node = 'multiplex:inst2|lpm_mux:lpm_mux_component|muxlut:$00010|muxlut:$00014|result_node~4'
    Info: 4: + IC(2.200 ns) + CELL(1.700 ns) = 16.600 ns; Loc. = LC3_D18; Fanout = 1; COMB Node = 'multiplex:inst2|lpm_mux:lpm_mux_component|muxlut:$00010|muxlut:$00020|$00012~3'
    Info: 5: + IC(0.000 ns) + CELL(1.500 ns) = 18.100 ns; Loc. = LC4_D18; Fanout = 1; COMB Node = 'multiplex:inst2|lpm_mux:lpm_mux_component|muxlut:$00010|muxlut:$00020|result_node~2'
    Info: 6: + IC(2.700 ns) + CELL(5.100 ns) = 25.900 ns; Loc. = PIN_25; Fanout = 0; PIN Node = 'FLEX_DIGIT2_DP'
    Info: Total cell delay = 15.000 ns ( 57.92 % )
    Info: Total interconnect delay = 10.900 ns ( 42.08 % )
Info: th for register "debounce:inst6|flipflops[0]" (data pin = "FLEX_PB1", clock pin = "GCLK") is -3.800 ns
    Info: + Longest clock path from clock "GCLK" to destination register is 5.300 ns
        Info: 1: + IC(0.000 ns) + CELL(2.800 ns) = 2.800 ns; Loc. = PIN_91; Fanout = 23; CLK Node = 'GCLK'
        Info: 2: + IC(2.500 ns) + CELL(0.000 ns) = 5.300 ns; Loc. = LC4_E16; Fanout = 4; REG Node = 'debounce:inst6|flipflops[0]'
        Info: Total cell delay = 2.800 ns ( 52.83 % )
        Info: Total interconnect delay = 2.500 ns ( 47.17 % )
    Info: + Micro hold delay of destination is 1.600 ns
    Info: - Shortest pin to register delay is 10.700 ns
        Info: 1: + IC(0.000 ns) + CELL(3.500 ns) = 3.500 ns; Loc. = PIN_28; Fanout = 1; PIN Node = 'FLEX_PB1'
        Info: 2: + IC(6.000 ns) + CELL(1.200 ns) = 10.700 ns; Loc. = LC4_E16; Fanout = 4; REG Node = 'debounce:inst6|flipflops[0]'
        Info: Total cell delay = 4.700 ns ( 43.93 % )
        Info: Total interconnect delay = 6.000 ns ( 56.07 % )
Info: Quartus II Classic Timing Analyzer was successful. 0 errors, 2 warnings
    Info: Peak virtual memory: 243 megabytes
    Info: Processing ended: Thu Jun 07 09:34:21 2018
    Info: Elapsed time: 00:00:01
    Info: Total CPU time (on all processors): 00:00:00


