--------------------------------------------------------------------------------------
Timing Analyzer Summary
--------------------------------------------------------------------------------------

Type           : Worst-case tsu
Slack          : N/A
Required Time  : None
Actual Time    : 23.600 ns
From           : FLEX_SW[0]
To             : inst1
From Clock     : --
To Clock       : GCLK
Failed Paths   : 0

Type           : Worst-case tco
Slack          : N/A
Required Time  : None
Actual Time    : 26.500 ns
From           : Reg:inst4|inst7
To             : FLEX_DIGIT2[6]
From Clock     : GCLK
To Clock       : --
Failed Paths   : 0

Type           : Worst-case th
Slack          : N/A
Required Time  : None
Actual Time    : 3.400 ns
From           : FLEX_SW[6]
To             : Reg:inst5|inst5
From Clock     : --
To Clock       : GCLK
Failed Paths   : 0

Type           : Clock Setup: 'GCLK'
Slack          : N/A
Required Time  : None
Actual Time    : 21.83 MHz ( period = 45.800 ns )
From           : Reg:inst5|inst
To             : inst1
From Clock     : GCLK
To Clock       : GCLK
Failed Paths   : 0

Type           : Total number of failed paths
Slack          : 
Required Time  : 
Actual Time    : 
From           : 
To             : 
From Clock     : 
To Clock       : 
Failed Paths   : 0

--------------------------------------------------------------------------------------

