--------------------------------------------------------------------------------------
Timing Analyzer Summary
--------------------------------------------------------------------------------------

Type           : Worst-case tsu
Slack          : N/A
Required Time  : None
Actual Time    : 15.600 ns
From           : FLEX_SW[0]
To             : Reg:inst4|inst9
From Clock     : --
To Clock       : GCLK
Failed Paths   : 0

Type           : Worst-case tco
Slack          : N/A
Required Time  : None
Actual Time    : 24.900 ns
From           : Reg:inst4|inst5
To             : FLEX_DIGIT2[1]
From Clock     : GCLK
To Clock       : --
Failed Paths   : 0

Type           : Worst-case th
Slack          : N/A
Required Time  : None
Actual Time    : 1.900 ns
From           : FLEX_SW[7]
To             : Reg:inst5|inst
From Clock     : --
To Clock       : GCLK
Failed Paths   : 0

Type           : Clock Setup: 'GCLK'
Slack          : N/A
Required Time  : None
Actual Time    : 28.41 MHz ( period = 35.200 ns )
From           : Reg:inst5|inst
To             : Reg:inst4|inst9
From Clock     : GCLK
To Clock       : GCLK
Failed Paths   : 0

Type           : Total number of failed paths
Slack          : 
Required Time  : 
Actual Time    : 
From           : 
To             : 
From Clock     : 
To Clock       : 
Failed Paths   : 0

--------------------------------------------------------------------------------------

