Classic Timing Analyzer report for somador4Bits
Thu Apr 26 09:38:19 2018
Quartus II Version 9.0 Build 235 06/17/2009 Service Pack 2 SJ Web Edition


---------------------
; Table of Contents ;
---------------------
  1. Legal Notice
  2. Timing Analyzer Summary
  3. Timing Analyzer Settings
  4. Parallel Compilation
  5. tpd
  6. Timing Analyzer Messages



----------------
; Legal Notice ;
----------------
Copyright (C) 1991-2009 Altera Corporation
Your use of Altera Corporation's design tools, logic functions 
and other software and tools, and its AMPP partner logic 
functions, and any output files from any of the foregoing 
(including device programming or simulation files), and any 
associated documentation or information are expressly subject 
to the terms and conditions of the Altera Program License 
Subscription Agreement, Altera MegaCore Function License 
Agreement, or other applicable license agreement, including, 
without limitation, that your use is for the sole purpose of 
programming logic devices manufactured by Altera and sold by 
Altera or its authorized distributors.  Please refer to the 
applicable agreement for further details.



+--------------------------------------------------------------------------------------------------------------------------+
; Timing Analyzer Summary                                                                                                  ;
+------------------------------+-------+---------------+-------------+---------+----+------------+----------+--------------+
; Type                         ; Slack ; Required Time ; Actual Time ; From    ; To ; From Clock ; To Clock ; Failed Paths ;
+------------------------------+-------+---------------+-------------+---------+----+------------+----------+--------------+
; Worst-case tpd               ; N/A   ; None          ; 32.800 ns   ; Add/Sub ; OA ; --         ; --       ; 0            ;
; Total number of failed paths ;       ;               ;             ;         ;    ;            ;          ; 0            ;
+------------------------------+-------+---------------+-------------+---------+----+------------+----------+--------------+


+--------------------------------------------------------------------------------------------------------------------+
; Timing Analyzer Settings                                                                                           ;
+---------------------------------------------------------------------+--------------------+------+----+-------------+
; Option                                                              ; Setting            ; From ; To ; Entity Name ;
+---------------------------------------------------------------------+--------------------+------+----+-------------+
; Device Name                                                         ; EPF10K20RC240-4    ;      ;    ;             ;
; Timing Models                                                       ; Final              ;      ;    ;             ;
; Default hold multicycle                                             ; Same as Multicycle ;      ;    ;             ;
; Cut paths between unrelated clock domains                           ; On                 ;      ;    ;             ;
; Cut off read during write signal paths                              ; On                 ;      ;    ;             ;
; Cut off feedback from I/O pins                                      ; On                 ;      ;    ;             ;
; Report Combined Fast/Slow Timing                                    ; Off                ;      ;    ;             ;
; Ignore Clock Settings                                               ; Off                ;      ;    ;             ;
; Analyze latches as synchronous elements                             ; On                 ;      ;    ;             ;
; Enable Recovery/Removal analysis                                    ; Off                ;      ;    ;             ;
; Enable Clock Latency                                                ; Off                ;      ;    ;             ;
; Use TimeQuest Timing Analyzer                                       ; Off                ;      ;    ;             ;
; Number of source nodes to report per destination node               ; 10                 ;      ;    ;             ;
; Number of destination nodes to report                               ; 10                 ;      ;    ;             ;
; Number of paths to report                                           ; 200                ;      ;    ;             ;
; Report Minimum Timing Checks                                        ; Off                ;      ;    ;             ;
; Use Fast Timing Models                                              ; Off                ;      ;    ;             ;
; Report IO Paths Separately                                          ; Off                ;      ;    ;             ;
; Perform Multicorner Analysis                                        ; Off                ;      ;    ;             ;
; Reports the worst-case path for each clock domain and analysis      ; Off                ;      ;    ;             ;
; Removes common clock path pessimism (CCPP) during slack computation ; Off                ;      ;    ;             ;
; Output I/O Timing Endpoint                                          ; Near End           ;      ;    ;             ;
+---------------------------------------------------------------------+--------------------+------+----+-------------+


Parallel compilation was disabled, but you have multiple processors available. Enable parallel compilation to reduce compilation time.
+-------------------------------------+
; Parallel Compilation                ;
+----------------------------+--------+
; Processors                 ; Number ;
+----------------------------+--------+
; Number detected on machine ; 2      ;
; Maximum allowed            ; 1      ;
+----------------------------+--------+


+---------------------------------------------------------------+
; tpd                                                           ;
+-------+-------------------+-----------------+---------+-------+
; Slack ; Required P2P Time ; Actual P2P Time ; From    ; To    ;
+-------+-------------------+-----------------+---------+-------+
; N/A   ; None              ; 32.800 ns       ; Add/Sub ; OC    ;
; N/A   ; None              ; 32.800 ns       ; Add/Sub ; OB    ;
; N/A   ; None              ; 32.800 ns       ; Add/Sub ; OA    ;
; N/A   ; None              ; 32.700 ns       ; Add/Sub ; OF    ;
; N/A   ; None              ; 32.200 ns       ; Add/Sub ; OG    ;
; N/A   ; None              ; 30.000 ns       ; Add/Sub ; OE    ;
; N/A   ; None              ; 30.000 ns       ; Add/Sub ; OD    ;
; N/A   ; None              ; 29.800 ns       ; A[0]    ; OC    ;
; N/A   ; None              ; 29.800 ns       ; A[0]    ; OB    ;
; N/A   ; None              ; 29.800 ns       ; A[0]    ; OA    ;
; N/A   ; None              ; 29.700 ns       ; A[0]    ; OF    ;
; N/A   ; None              ; 29.300 ns       ; B[0]    ; OC    ;
; N/A   ; None              ; 29.300 ns       ; B[0]    ; OB    ;
; N/A   ; None              ; 29.300 ns       ; B[0]    ; OA    ;
; N/A   ; None              ; 29.200 ns       ; A[0]    ; OG    ;
; N/A   ; None              ; 29.200 ns       ; B[0]    ; OF    ;
; N/A   ; None              ; 28.700 ns       ; B[0]    ; OG    ;
; N/A   ; None              ; 27.100 ns       ; Add/Sub ; Cout3 ;
; N/A   ; None              ; 27.000 ns       ; A[0]    ; OE    ;
; N/A   ; None              ; 27.000 ns       ; A[0]    ; OD    ;
; N/A   ; None              ; 26.800 ns       ; A[2]    ; OC    ;
; N/A   ; None              ; 26.800 ns       ; A[2]    ; OB    ;
; N/A   ; None              ; 26.800 ns       ; A[2]    ; OA    ;
; N/A   ; None              ; 26.700 ns       ; A[2]    ; OF    ;
; N/A   ; None              ; 26.600 ns       ; A[1]    ; OC    ;
; N/A   ; None              ; 26.600 ns       ; A[1]    ; OB    ;
; N/A   ; None              ; 26.600 ns       ; A[1]    ; OA    ;
; N/A   ; None              ; 26.500 ns       ; A[1]    ; OF    ;
; N/A   ; None              ; 26.500 ns       ; B[0]    ; OE    ;
; N/A   ; None              ; 26.500 ns       ; B[0]    ; OD    ;
; N/A   ; None              ; 26.200 ns       ; A[2]    ; OG    ;
; N/A   ; None              ; 26.100 ns       ; B[1]    ; OC    ;
; N/A   ; None              ; 26.100 ns       ; B[1]    ; OB    ;
; N/A   ; None              ; 26.100 ns       ; B[1]    ; OA    ;
; N/A   ; None              ; 26.000 ns       ; A[1]    ; OG    ;
; N/A   ; None              ; 26.000 ns       ; B[1]    ; OF    ;
; N/A   ; None              ; 25.500 ns       ; B[1]    ; OG    ;
; N/A   ; None              ; 24.100 ns       ; A[0]    ; Cout3 ;
; N/A   ; None              ; 24.000 ns       ; A[2]    ; OE    ;
; N/A   ; None              ; 24.000 ns       ; A[2]    ; OD    ;
; N/A   ; None              ; 24.000 ns       ; A[3]    ; OC    ;
; N/A   ; None              ; 24.000 ns       ; A[3]    ; OB    ;
; N/A   ; None              ; 24.000 ns       ; A[3]    ; OA    ;
; N/A   ; None              ; 23.900 ns       ; A[3]    ; OF    ;
; N/A   ; None              ; 23.800 ns       ; A[1]    ; OE    ;
; N/A   ; None              ; 23.800 ns       ; A[1]    ; OD    ;
; N/A   ; None              ; 23.600 ns       ; B[0]    ; Cout3 ;
; N/A   ; None              ; 23.400 ns       ; A[3]    ; OG    ;
; N/A   ; None              ; 23.300 ns       ; B[1]    ; OE    ;
; N/A   ; None              ; 23.300 ns       ; B[1]    ; OD    ;
; N/A   ; None              ; 23.200 ns       ; B[2]    ; OC    ;
; N/A   ; None              ; 23.200 ns       ; B[2]    ; OB    ;
; N/A   ; None              ; 23.200 ns       ; B[2]    ; OA    ;
; N/A   ; None              ; 23.100 ns       ; B[2]    ; OF    ;
; N/A   ; None              ; 22.600 ns       ; B[2]    ; OG    ;
; N/A   ; None              ; 21.100 ns       ; A[2]    ; Cout3 ;
; N/A   ; None              ; 20.900 ns       ; A[1]    ; Cout3 ;
; N/A   ; None              ; 20.400 ns       ; B[2]    ; OE    ;
; N/A   ; None              ; 20.400 ns       ; B[2]    ; OD    ;
; N/A   ; None              ; 20.400 ns       ; B[1]    ; Cout3 ;
; N/A   ; None              ; 20.300 ns       ; B[3]    ; OC    ;
; N/A   ; None              ; 20.300 ns       ; B[3]    ; OB    ;
; N/A   ; None              ; 20.300 ns       ; B[3]    ; OA    ;
; N/A   ; None              ; 20.200 ns       ; B[3]    ; OF    ;
; N/A   ; None              ; 19.700 ns       ; B[3]    ; OG    ;
; N/A   ; None              ; 18.300 ns       ; A[3]    ; Cout3 ;
; N/A   ; None              ; 17.500 ns       ; B[2]    ; Cout3 ;
; N/A   ; None              ; 14.600 ns       ; B[3]    ; Cout3 ;
+-------+-------------------+-----------------+---------+-------+


+--------------------------+
; Timing Analyzer Messages ;
+--------------------------+
Info: *******************************************************************
Info: Running Quartus II Classic Timing Analyzer
    Info: Version 9.0 Build 235 06/17/2009 Service Pack 2 SJ Web Edition
    Info: Processing started: Thu Apr 26 09:38:18 2018
Info: Command: quartus_tan --read_settings_files=off --write_settings_files=off somador4Bits -c somador4Bits
Info: Started post-fitting delay annotation
Info: Delay annotation completed successfully
Info: Longest tpd from source pin "Add/Sub" to destination pin "OC" is 32.800 ns
    Info: 1: + IC(0.000 ns) + CELL(3.500 ns) = 3.500 ns; Loc. = PIN_29; Fanout = 7; PIN Node = 'Add/Sub'
    Info: 2: + IC(5.900 ns) + CELL(2.300 ns) = 11.700 ns; Loc. = LC4_D20; Fanout = 2; COMB Node = 'fullAdder:inst7|inst12~0'
    Info: 3: + IC(0.600 ns) + CELL(2.300 ns) = 14.600 ns; Loc. = LC5_D20; Fanout = 2; COMB Node = 'fullAdder:inst6|inst12~0'
    Info: 4: + IC(0.600 ns) + CELL(2.300 ns) = 17.500 ns; Loc. = LC7_D20; Fanout = 2; COMB Node = 'fullAdder:inst5|inst12~0'
    Info: 5: + IC(0.600 ns) + CELL(2.300 ns) = 20.400 ns; Loc. = LC3_D20; Fanout = 5; COMB Node = 'fullAdder:inst4|inst'
    Info: 6: + IC(2.200 ns) + CELL(2.300 ns) = 24.900 ns; Loc. = LC6_D17; Fanout = 1; COMB Node = '7447:inst11|83'
    Info: 7: + IC(2.800 ns) + CELL(5.100 ns) = 32.800 ns; Loc. = PIN_19; Fanout = 0; PIN Node = 'OC'
    Info: Total cell delay = 20.100 ns ( 61.28 % )
    Info: Total interconnect delay = 12.700 ns ( 38.72 % )
Info: Quartus II Classic Timing Analyzer was successful. 0 errors, 0 warnings
    Info: Peak virtual memory: 242 megabytes
    Info: Processing ended: Thu Apr 26 09:38:19 2018
    Info: Elapsed time: 00:00:01
    Info: Total CPU time (on all processors): 00:00:00


